Component: ARM Compiler 5.06 update 6 (build 750) Tool: armlink [4d35ed]

==============================================================================

Section Cross References

    startup_stm32f103xb.o(STACK) refers (Special) to heapauxi.o(.text) for __use_two_region_memory
    startup_stm32f103xb.o(HEAP) refers (Special) to heapauxi.o(.text) for __use_two_region_memory
    startup_stm32f103xb.o(RESET) refers (Special) to heapauxi.o(.text) for __use_two_region_memory
    startup_stm32f103xb.o(RESET) refers to startup_stm32f103xb.o(STACK) for __initial_sp
    startup_stm32f103xb.o(RESET) refers to startup_stm32f103xb.o(.text) for Reset_Handler
    startup_stm32f103xb.o(RESET) refers to stm32f1xx_it.o(i.NMI_Handler) for NMI_Handler
    startup_stm32f103xb.o(RESET) refers to stm32f1xx_it.o(i.HardFault_Handler) for HardFault_Handler
    startup_stm32f103xb.o(RESET) refers to stm32f1xx_it.o(i.MemManage_Handler) for MemManage_Handler
    startup_stm32f103xb.o(RESET) refers to stm32f1xx_it.o(i.BusFault_Handler) for BusFault_Handler
    startup_stm32f103xb.o(RESET) refers to stm32f1xx_it.o(i.UsageFault_Handler) for UsageFault_Handler
    startup_stm32f103xb.o(RESET) refers to stm32f1xx_it.o(i.SVC_Handler) for SVC_Handler
    startup_stm32f103xb.o(RESET) refers to stm32f1xx_it.o(i.DebugMon_Handler) for DebugMon_Handler
    startup_stm32f103xb.o(RESET) refers to stm32f1xx_it.o(i.PendSV_Handler) for PendSV_Handler
    startup_stm32f103xb.o(RESET) refers to stm32f1xx_it.o(i.SysTick_Handler) for SysTick_Handler
    startup_stm32f103xb.o(RESET) refers to stm32f1xx_it.o(i.DMA1_Channel1_IRQHandler) for DMA1_Channel1_IRQHandler
    startup_stm32f103xb.o(RESET) refers to stm32f1xx_it.o(i.DMA1_Channel6_IRQHandler) for DMA1_Channel6_IRQHandler
    startup_stm32f103xb.o(RESET) refers to stm32f1xx_it.o(i.TIM4_IRQHandler) for TIM4_IRQHandler
    startup_stm32f103xb.o(RESET) refers to stm32f1xx_it.o(i.USART2_IRQHandler) for USART2_IRQHandler
    startup_stm32f103xb.o(.text) refers (Special) to heapauxi.o(.text) for __use_two_region_memory
    startup_stm32f103xb.o(.text) refers to system_stm32f1xx.o(i.SystemInit) for SystemInit
    startup_stm32f103xb.o(.text) refers to __main.o(!!!main) for __main
    startup_stm32f103xb.o(.text) refers to startup_stm32f103xb.o(HEAP) for Heap_Mem
    startup_stm32f103xb.o(.text) refers to startup_stm32f103xb.o(STACK) for Stack_Mem
    main.o(i.Bip) refers to stm32f1xx_hal_gpio.o(i.HAL_GPIO_WritePin) for HAL_GPIO_WritePin
    main.o(i.Bip) refers to delay.o(i.Delay_us) for Delay_us
    main.o(i.DieuKhien) refers to fflt_clz.o(x$fpl$fflt) for __aeabi_i2f
    main.o(i.DieuKhien) refers to frleqf.o(x$fpl$frleqf) for __aeabi_cfrcmple
    main.o(i.DieuKhien) refers to fleqf.o(x$fpl$fleqf) for __aeabi_cfcmple
    main.o(i.DieuKhien) refers to stm32f1xx_hal_gpio.o(i.HAL_GPIO_WritePin) for HAL_GPIO_WritePin
    main.o(i.DieuKhien) refers to main.o(.data) for .data
    main.o(i.DieuKhien) refers to ds1307.o(.data) for DS1307
    main.o(i.HAL_UARTEx_RxEventCallback) refers to stm32f1xx_hal_uart.o(i.HAL_UARTEx_ReceiveToIdle_DMA) for HAL_UARTEx_ReceiveToIdle_DMA
    main.o(i.HAL_UARTEx_RxEventCallback) refers to main.o(.bss) for .bss
    main.o(i.Hien_Thi_LCD) refers to lcd20x4.o(i.LCD20X4_Gotoxy) for LCD20X4_Gotoxy
    main.o(i.Hien_Thi_LCD) refers to lcd20x4.o(i.LCD20X4_PutString) for LCD20X4_PutString
    main.o(i.Hien_Thi_LCD) refers to lcd20x4.o(i.LCD20X4_Clear) for LCD20X4_Clear
    main.o(i.Hien_Thi_LCD) refers to lcd20x4.o(i.LCD20X4_SendInteger) for LCD20X4_SendInteger
    main.o(i.Hien_Thi_LCD) refers to lcd20x4.o(i.LCD20X4_SendFloat) for LCD20X4_SendFloat
    main.o(i.Hien_Thi_LCD) refers to lcd20x4.o(i.LCD20X4_PutChar) for LCD20X4_PutChar
    main.o(i.Hien_Thi_LCD) refers to strlen.o(.text) for strlen
    main.o(i.Hien_Thi_LCD) refers to main.o(.data) for .data
    main.o(i.Hien_Thi_LCD) refers to ds1307.o(.data) for DS1307
    main.o(i.Hien_Thi_LCD) refers to main.o(.bss) for .bss
    main.o(i.KeyBoard) refers to stm32f1xx_hal_gpio.o(i.HAL_GPIO_ReadPin) for HAL_GPIO_ReadPin
    main.o(i.KeyBoard) refers to delay.o(i.Delay_ms) for Delay_ms
    main.o(i.KeyBoard) refers to main.o(i.Bip) for Bip
    main.o(i.KeyBoard) refers to lcd20x4.o(i.LCD20X4_Clear) for LCD20X4_Clear
    main.o(i.KeyBoard) refers to main.o(.data) for .data
    main.o(i.KeyBoard) refers to ds1307.o(.data) for DS1307
    main.o(i.KeyBoard) refers to stm32f1xx_hal_gpio.o(i.HAL_GPIO_WritePin) for HAL_GPIO_WritePin
    main.o(i.KeyBoard) refers to ds1307.o(i.DS1307_Write_Time) for DS1307_Write_Time
    main.o(i.KeyBoard) refers to main.o(i.Save_Data_Waring_Flash) for Save_Data_Waring_Flash
    main.o(i.KeyBoard) refers to main.o(i.Save_Data_Lamp_Flash) for Save_Data_Lamp_Flash
    main.o(i.KeyBoard) refers to main.o(i.Save_Data_Pump_Flash) for Save_Data_Pump_Flash
    main.o(i.KeyBoard) refers to main.o(i.Save_Data_Fan_Flash) for Save_Data_Fan_Flash
    main.o(i.KeyBoard) refers to main.o(i.Set_Para_Clock) for Set_Para_Clock
[...]
    i.SystemInit                             0x08006164   Section        0  system_stm32f1xx.o(i.SystemInit)
    i.TIM4_IRQHandler                        0x08006168   Section        0  stm32f1xx_it.o(i.TIM4_IRQHandler)
    i.TIM_Base_SetConfig                     0x08006174   Section        0  stm32f1xx_hal_tim.o(i.TIM_Base_SetConfig)
    i.TIM_ETR_SetConfig                      0x080061e0   Section        0  stm32f1xx_hal_tim.o(i.TIM_ETR_SetConfig)
    i.TIM_ITRx_SetConfig                     0x080061f4   Section        0  stm32f1xx_hal_tim.o(i.TIM_ITRx_SetConfig)
    TIM_ITRx_SetConfig                       0x080061f5   Thumb Code    16  stm32f1xx_hal_tim.o(i.TIM_ITRx_SetConfig)
    i.TIM_TI1_ConfigInputStage               0x08006204   Section        0  stm32f1xx_hal_tim.o(i.TIM_TI1_ConfigInputStage)
    TIM_TI1_ConfigInputStage                 0x08006205   Thumb Code    34  stm32f1xx_hal_tim.o(i.TIM_TI1_ConfigInputStage)
    i.TIM_TI2_ConfigInputStage               0x08006226   Section        0  stm32f1xx_hal_tim.o(i.TIM_TI2_ConfigInputStage)
    TIM_TI2_ConfigInputStage                 0x08006227   Thumb Code    36  stm32f1xx_hal_tim.o(i.TIM_TI2_ConfigInputStage)
    i.UART_DMAAbortOnError                   0x0800624a   Section        0  stm32f1xx_hal_uart.o(i.UART_DMAAbortOnError)
    UART_DMAAbortOnError                     0x0800624b   Thumb Code    16  stm32f1xx_hal_uart.o(i.UART_DMAAbortOnError)
    i.UART_DMAError                          0x0800625a   Section        0  stm32f1xx_hal_uart.o(i.UART_DMAError)
    UART_DMAError                            0x0800625b   Thumb Code    74  stm32f1xx_hal_uart.o(i.UART_DMAError)
    i.UART_DMAReceiveCplt                    0x080062a4   Section        0  stm32f1xx_hal_uart.o(i.UART_DMAReceiveCplt)
    UART_DMAReceiveCplt                      0x080062a5   Thumb Code    90  stm32f1xx_hal_uart.o(i.UART_DMAReceiveCplt)
    i.UART_DMARxHalfCplt                     0x080062fe   Section        0  stm32f1xx_hal_uart.o(i.UART_DMARxHalfCplt)
    UART_DMARxHalfCplt                       0x080062ff   Thumb Code    26  stm32f1xx_hal_uart.o(i.UART_DMARxHalfCplt)
    i.UART_EndRxTransfer                     0x08006318   Section        0  stm32f1xx_hal_uart.o(i.UART_EndRxTransfer)
    UART_EndRxTransfer                       0x08006319   Thumb Code    48  stm32f1xx_hal_uart.o(i.UART_EndRxTransfer)
    i.UART_EndTxTransfer                     0x08006348   Section        0  stm32f1xx_hal_uart.o(i.UART_EndTxTransfer)
    UART_EndTxTransfer                       0x08006349   Thumb Code    18  stm32f1xx_hal_uart.o(i.UART_EndTxTransfer)
    i.UART_Receive_IT                        0x0800635a   Section        0  stm32f1xx_hal_uart.o(i.UART_Receive_IT)
    UART_Receive_IT                          0x0800635b   Thumb Code   182  stm32f1xx_hal_uart.o(i.UART_Receive_IT)
    i.UART_SetConfig                         0x08006410   Section        0  stm32f1xx_hal_uart.o(i.UART_SetConfig)
    UART_SetConfig                           0x08006411   Thumb Code   178  stm32f1xx_hal_uart.o(i.UART_SetConfig)
    i.UART_Start_Receive_DMA                 0x080064c8   Section        0  stm32f1xx_hal_uart.o(i.UART_Start_Receive_DMA)
    i.UART_WaitOnFlagUntilTimeout            0x08006538   Section        0  stm32f1xx_hal_uart.o(i.UART_WaitOnFlagUntilTimeout)
    UART_WaitOnFlagUntilTimeout              0x08006539   Thumb Code   100  stm32f1xx_hal_uart.o(i.UART_WaitOnFlagUntilTimeout)
    i.USART2_IRQHandler                      0x0800659c   Section        0  stm32f1xx_it.o(i.USART2_IRQHandler)
    i.UsageFault_Handler                     0x080065a8   Section        0  stm32f1xx_it.o(i.UsageFault_Handler)
    i.__ARM_fpclassify                       0x080065aa   Section        0  fpclassify.o(i.__ARM_fpclassify)
    i.__NVIC_SetPriority                     0x080065d2   Section        0  stm32f1xx_hal_cortex.o(i.__NVIC_SetPriority)
    __NVIC_SetPriority                       0x080065d3   Thumb Code    32  stm32f1xx_hal_cortex.o(i.__NVIC_SetPriority)
    i._is_digit                              0x080065f2   Section        0  __printf_wp.o(i._is_digit)
    i.main                                   0x08006600   Section        0  main.o(i.main)
    locale$$code                             0x080068dc   Section       44  lc_numeric_c.o(locale$$code)
    x$fpl$d2f                                0x08006908   Section       98  d2f.o(x$fpl$d2f)
    x$fpl$ddiv                               0x0800696c   Section      688  ddiv.o(x$fpl$ddiv)
    ddiv_entry                               0x08006973   Thumb Code     0  ddiv.o(x$fpl$ddiv)
    x$fpl$dflt                               0x08006c1c   Section       46  dflt_clz.o(x$fpl$dflt)
    x$fpl$dnaninf                            0x08006c4a   Section      156  dnaninf.o(x$fpl$dnaninf)
    x$fpl$dretinf                            0x08006ce6   Section       12  dretinf.o(x$fpl$dretinf)
    x$fpl$f2d                                0x08006cf4   Section       86  f2d.o(x$fpl$f2d)
    x$fpl$fadd                               0x08006d4c   Section      196  faddsub_clz.o(x$fpl$fadd)
    _fadd1                                   0x08006d5b   Thumb Code     0  faddsub_clz.o(x$fpl$fadd)
    x$fpl$fcmpinf                            0x08006e10   Section       24  fcmpi.o(x$fpl$fcmpinf)
    x$fpl$ffix                               0x08006e28   Section       54  ffix.o(x$fpl$ffix)
    x$fpl$fflt                               0x08006e60   Section       48  fflt_clz.o(x$fpl$fflt)
    x$fpl$fleqf                              0x08006e90   Section      104  fleqf.o(x$fpl$fleqf)
    x$fpl$fmul                               0x08006ef8   Section      258  fmul.o(x$fpl$fmul)
    x$fpl$fnaninf                            0x08006ffa   Section      140  fnaninf.o(x$fpl$fnaninf)
    x$fpl$fretinf                            0x08007086   Section       10  fretinf.o(x$fpl$fretinf)
    x$fpl$frleqf                             0x08007090   Section       98  frleqf.o(x$fpl$frleqf)
    x$fpl$frsb                               0x080070f2   Section       20  faddsub_clz.o(x$fpl$frsb)
    x$fpl$fsub                               0x08007108   Section      234  faddsub_clz.o(x$fpl$fsub)
    _fsub1                                   0x08007117   Thumb Code     0  faddsub_clz.o(x$fpl$fsub)
    x$fpl$printf1                            0x080071f2   Section        4  printf1.o(x$fpl$printf1)
    .constdata                               0x080071f6   Section       16  system_stm32f1xx.o(.constdata)
    x$fpl$usenofp                            0x080071f6   Section        0  usenofp.o(x$fpl$usenofp)
    .constdata                               0x08007206   Section        8  system_stm32f1xx.o(.constdata)
    .constdata                               0x08007210   Section      148  bigflt0.o(.constdata)
    tenpwrs_x                                0x08007210   Data          60  bigflt0.o(.constdata)
    tenpwrs_i                                0x0800724c   Data          64  bigflt0.o(.constdata)
    .conststring                             0x080072a4   Section       28  main.o(.conststring)
    locale$$data                             0x080072e0   Section       28  lc_numeric_c.o(locale$$data)
    __lcnum_c_name                           0x080072e4   Data           2  lc_numeric_c.o(locale$$data)
    __lcnum_c_start                          0x080072ec   Data           0  lc_numeric_c.o(locale$$data)
    __lcnum_c_point                          0x080072f8   Data           0  lc_numeric_c.o(locale$$data)
    __lcnum_c_thousands                      0x080072fa   Data           0  lc_numeric_c.o(locale$$data)
    __lcnum_c_grouping                       0x080072fb   Data           0  lc_numeric_c.o(locale$$data)
    __lcnum_c_end                            0x080072fc   Data           0  lc_numeric_c.o(locale$$data)
    .data                                    0x20000000   Section      132  main.o(.data)
    Old_Mode                                 0x2000000a   Data           1  main.o(.data)
    Old_Ok                                   0x2000000b   Data           1  main.o(.data)
    Old_Up                                   0x2000000c   Data           1  main.o(.data)
    Old_Down                                 0x2000000d   Data           1  main.o(.data)
    Time_Break_Mode                          0x2000000e   Data           1  main.o(.data)
    Time_Break_Up                            0x2000000f   Data           1  main.o(.data)
    Time_Break_Down                          0x20000010   Data           1  main.o(.data)
    Time_Wait_Open_Display_Manual            0x20000011   Data           1  main.o(.data)
    .data                                    0x20000084   Section       12  stm32f1xx_hal.o(.data)
    .data                                    0x20000090   Section        4  system_stm32f1xx.o(.data)
    .data                                    0x20000094   Section        7  ds1307.o(.data)
    .data                                    0x2000009c   Section        9  dht22.o(.data)
    pMillis                                  0x2000009c   Data           2  dht22.o(.data)
    cMillis                                  0x2000009e   Data           2  dht22.o(.data)
    DHT22_Data                               0x200000a0   Data           5  dht22.o(.data)
    .bss                                     0x200000a8   Section      420  main.o(.bss)
    .bss                                     0x2000024c   Section       68  main.o(.bss)
    .bss                                     0x20000290   Section       32  stm32f1xx_hal_flash.o(.bss)
    .bss                                     0x200002b0   Section       96  libspace.o(.bss)
    HEAP                                     0x20000310   Section      512  startup_stm32f103xb.o(HEAP)
    Heap_Mem                                 0x20000310   Data         512  startup_stm32f103xb.o(HEAP)
    STACK                                    0x20000510   Section     1024  startup_stm32f103xb.o(STACK)
    Stack_Mem                                0x20000510   Data        1024  startup_stm32f103xb.o(STACK)
    __initial_sp                             0x20000910   Data           0  startup_stm32f103xb.o(STACK)

    Global Symbols

    Symbol Name                              Value     Ov Type        Size  Object(Section)

    BuildAttributes$$THM_ISAv4$P$D$K$B$S$PE$A:L22UL41UL21$X:L11$S22US41US21$IEEE1$IW$USESV6$~STKCKD$USESV7$~SHL$OTIME$ROPI$IEEEJ$EBA8$UX$STANDARDLIB$REQ8$PRES8$EABIv2 0x00000000   Number         0  anon$$obj.o ABSOLUTE
    __ARM_use_no_argv                        0x00000000   Number         0  main.o ABSOLUTE
    _printf_flags                            0x00000000   Number         0  printf_stubs.o ABSOLUTE
    _printf_return_value                     0x00000000   Number         0  printf_stubs.o ABSOLUTE
    _printf_sizespec                         0x00000000   Number         0  printf_stubs.o ABSOLUTE
    _printf_widthprec                        0x00000000   Number         0  printf_stubs.o ABSOLUTE
    __ARM_exceptions_init                     - Undefined Weak Reference
    __alloca_initialize                       - Undefined Weak Reference
    __arm_preinit_                            - Undefined Weak Reference
    __cpp_initialize__aeabi_                  - Undefined Weak Reference
    __cxa_finalize                            - Undefined Weak Reference
    __sigvec_lookup                           - Undefined Weak Reference
    _atexit_init                              - Undefined Weak Reference
    _call_atexit_fns                          - Undefined Weak Reference
    _clock_init                               - Undefined Weak Reference
    _fp_trap_init                             - Undefined Weak Reference
    _fp_trap_shutdown                         - Undefined Weak Reference
    _get_lc_collate                           - Undefined Weak Reference
    _get_lc_ctype                             - Undefined Weak Reference
    _get_lc_monetary                          - Undefined Weak Reference
    _get_lc_time                              - Undefined Weak Reference
    _getenv_init                              - Undefined Weak Reference
    _handle_redirection                       - Undefined Weak Reference
    _init_alloc                               - Undefined Weak Reference
    _init_user_alloc                          - Undefined Weak Reference
    _initio                                   - Undefined Weak Reference
    _printf_truncate_signed                   - Undefined Weak Reference
    _printf_truncate_unsigned                 - Undefined Weak Reference
    _rand_init                                - Undefined Weak Reference
    _signal_finish                            - Undefined Weak Reference
    _signal_init                              - Undefined Weak Reference
    _terminate_alloc                          - Undefined Weak Reference
    _terminate_user_alloc                     - Undefined Weak Reference
    _terminateio                              - Undefined Weak Reference
    __Vectors_Size                           0x000000ec   Number         0  startup_stm32f103xb.o ABSOLUTE
    __Vectors                                0x08000000   Data           4  startup_stm32f103xb.o(RESET)
    __Vectors_End                            0x080000ec   Data           0  startup_stm32f103xb.o(RESET)
    __main                                   0x080000ed   Thumb Code     8  __main.o(!!!main)
    __scatterload                            0x080000f5   Thumb Code     0  __scatter.o(!!!scatter)
    __scatterload_rt2                        0x080000f5   Thumb Code    44  __scatter.o(!!!scatter)
    __scatterload_rt2_thumb_only             0x080000f5   Thumb Code     0  __scatter.o(!!!scatter)
    __scatterload_null                       0x08000103   Thumb Code     0  __scatter.o(!!!scatter)
    __scatterload_copy                       0x08000129   Thumb Code    26  __scatter_copy.o(!!handler_copy)
    __scatterload_zeroinit                   0x08000145   Thumb Code    28  __scatter_zi.o(!!handler_zi)
    _printf_f                                0x08000161   Thumb Code     0  _printf_f.o(.ARM.Collect$$_printf_percent$$00000003)
    _printf_percent                          0x08000161   Thumb Code     0  _printf_percent.o(.ARM.Collect$$_printf_percent$$00000000)
    _printf_d                                0x08000167   Thumb Code     0  _printf_d.o(.ARM.Collect$$_printf_percent$$00000009)
    _printf_percent_end                      0x0800016d   Thumb Code     0  _printf_percent_end.o(.ARM.Collect$$_printf_percent$$00000017)
    __rt_lib_init                            0x08000171   Thumb Code     0  libinit.o(.ARM.Collect$$libinit$$00000000)
    __rt_lib_init_fp_1                       0x08000173   Thumb Code     0  libinit2.o(.ARM.Collect$$libinit$$00000002)
    __rt_lib_init_heap_1                     0x08000173   Thumb Code     0  libinit2.o(.ARM.Collect$$libinit$$0000000A)
    __rt_lib_init_lc_common                  0x08000173   Thumb Code     0  libinit2.o(.ARM.Collect$$libinit$$0000000F)
    __rt_lib_init_preinit_1                  0x08000173   Thumb Code     0  libinit2.o(.ARM.Collect$$libinit$$00000004)
    __rt_lib_init_rand_1                     0x08000173   Thumb Code     0  libinit2.o(.ARM.Collect$$libinit$$0000000E)
    __rt_lib_init_user_alloc_1               0x08000173   Thumb Code     0  libinit2.o(.ARM.Collect$$libinit$$0000000C)
    __rt_lib_init_lc_collate_1               0x08000179   Thumb Code     0  libinit2.o(.ARM.Collect$$libinit$$00000011)
    __rt_lib_init_lc_ctype_1                 0x08000179   Thumb Code     0  libinit2.o(.ARM.Collect$$libinit$$00000013)
    __rt_lib_init_lc_monetary_1              0x08000179   Thumb Code     0  libinit2.o(.ARM.Collect$$libinit$$00000015)
    __rt_lib_init_lc_numeric_2               0x08000179   Thumb Code     0  libinit2.o(.ARM.Collect$$libinit$$00000016)
    __rt_lib_init_alloca_1                   0x08000183   Thumb Code     0  libinit2.o(.ARM.Collect$$libinit$$0000002E)
    __rt_lib_init_argv_1                     0x08000183   Thumb Code     0  libinit2.o(.ARM.Collect$$libinit$$0000002C)
    __rt_lib_init_atexit_1                   0x08000183   Thumb Code     0  libinit2.o(.ARM.Collect$$libinit$$0000001B)
    __rt_lib_init_clock_1                    0x08000183   Thumb Code     0  libinit2.o(.ARM.Collect$$libinit$$00000021)
    __rt_lib_init_cpp_1                      0x08000183   Thumb Code     0  libinit2.o(.ARM.Collect$$libinit$$00000032)
    __rt_lib_init_exceptions_1               0x08000183   Thumb Code     0  libinit2.o(.ARM.Collect$$libinit$$00000030)
    __rt_lib_init_fp_trap_1                  0x08000183   Thumb Code     0  libinit2.o(.ARM.Collect$$libinit$$0000001F)
    __rt_lib_init_getenv_1                   0x08000183   Thumb Code     0  libinit2.o(.ARM.Collect$$libinit$$00000023)
    __rt_lib_init_lc_numeric_1               0x08000183   Thumb Code     0  libinit2.o(.ARM.Collect$$libinit$$00000017)
    __rt_lib_init_lc_time_1                  0x08000183   Thumb Code     0  libinit2.o(.ARM.Collect$$libinit$$00000019)
    __rt_lib_init_return                     0x08000183   Thumb Code     0  libinit2.o(.ARM.Collect$$libinit$$00000033)
    __rt_lib_init_signal_1                   0x08000183   Thumb Code     0  libinit2.o(.ARM.Collect$$libinit$$0000001D)
    __rt_lib_init_stdio_1                    0x08000183   Thumb Code     0  libinit2.o(.ARM.Collect$$libinit$$00000025)
    __rt_lib_shutdown                        0x08000185   Thumb Code     0  libshutdown.o(.ARM.Collect$$libshutdown$$00000000)
    __rt_lib_shutdown_cpp_1                  0x08000187   Thumb Code     0  libshutdown2.o(.ARM.Collect$$libshutdown$$00000002)
    __rt_lib_shutdown_fp_trap_1              0x08000187   Thumb Code     0  libshutdown2.o(.ARM.Collect$$libshutdown$$00000007)
    __rt_lib_shutdown_heap_1                 0x08000187   Thumb Code     0  libshutdown2.o(.ARM.Collect$$libshutdown$$0000000F)
    __rt_lib_shutdown_return                 0x08000187   Thumb Code     0  libshutdown2.o(.ARM.Collect$$libshutdown$$00000010)
    __rt_lib_shutdown_signal_1               0x08000187   Thumb Code     0  libshutdown2.o(.ARM.Collect$$libshutdown$$0000000A)
    __rt_lib_shutdown_stdio_1                0x08000187   Thumb Code     0  libshutdown2.o(.ARM.Collect$$libshutdown$$00000004)
    __rt_lib_shutdown_user_alloc_1           0x08000187   Thumb Code     0  libshutdown2.o(.ARM.Collect$$libshutdown$$0000000C)
    __rt_entry                               0x08000189   Thumb Code     0  __rtentry.o(.ARM.Collect$$rtentry$$00000000)
    __rt_entry_presh_1                       0x08000189   Thumb Code     0  __rtentry2.o(.ARM.Collect$$rtentry$$00000002)
    __rt_entry_sh                            0x08000189   Thumb Code     0  __rtentry4.o(.ARM.Collect$$rtentry$$00000004)
    __rt_entry_li                            0x0800018f   Thumb Code     0  __rtentry2.o(.ARM.Collect$$rtentry$$0000000A)
    __rt_entry_postsh_1                      0x0800018f   Thumb Code     0  __rtentry2.o(.ARM.Collect$$rtentry$$00000009)
    __rt_entry_main                          0x08000193   Thumb Code     0  __rtentry2.o(.ARM.Collect$$rtentry$$0000000D)
    __rt_entry_postli_1                      0x08000193   Thumb Code     0  __rtentry2.o(.ARM.Collect$$rtentry$$0000000C)
    __rt_exit                                0x0800019b   Thumb Code     0  rtexit.o(.ARM.Collect$$rtexit$$00000000)
    __rt_exit_ls                             0x0800019d   Thumb Code     0  rtexit2.o(.ARM.Collect$$rtexit$$00000003)
    __rt_exit_prels_1                        0x0800019d   Thumb Code     0  rtexit2.o(.ARM.Collect$$rtexit$$00000002)
    __rt_exit_exit                           0x080001a1   Thumb Code     0  rtexit2.o(.ARM.Collect$$rtexit$$00000004)
    Reset_Handler                            0x080001a9   Thumb Code     8  startup_stm32f103xb.o(.text)
    ADC1_2_IRQHandler                        0x080001c3   Thumb Code     0  startup_stm32f103xb.o(.text)
    CAN1_RX1_IRQHandler                      0x080001c3   Thumb Code     0  startup_stm32f103xb.o(.text)
    CAN1_SCE_IRQHandler                      0x080001c3   Thumb Code     0  startup_stm32f103xb.o(.text)
    DMA1_Channel2_IRQHandler                 0x080001c3   Thumb Code     0  startup_stm32f103xb.o(.text)
    DMA1_Channel3_IRQHandler                 0x080001c3   Thumb Code     0  startup_stm32f103xb.o(.text)
    DMA1_Channel4_IRQHandler                 0x080001c3   Thumb Code     0  startup_stm32f103xb.o(.text)
    DMA1_Channel5_IRQHandler                 0x080001c3   Thumb Code     0  startup_stm32f103xb.o(.text)
    DMA1_Channel7_IRQHandler                 0x080001c3   Thumb Code     0  startup_stm32f103xb.o(.text)
    EXTI0_IRQHandler                         0x080001c3   Thumb Code     0  startup_stm32f103xb.o(.text)
    EXTI15_10_IRQHandler                     0x080001c3   Thumb Code     0  startup_stm32f103xb.o(.text)
    EXTI1_IRQHandler                         0x080001c3   Thumb Code     0  startup_stm32f103xb.o(.text)
    EXTI2_IRQHandler                         0x080001c3   Thumb Code     0  startup_stm32f103xb.o(.text)
    EXTI3_IRQHandler                         0x080001c3   Thumb Code     0  startup_stm32f103xb.o(.text)
    EXTI4_IRQHandler                         0x080001c3   Thumb Code     0  startup_stm32f103xb.o(.text)
    EXTI9_5_IRQHandler                       0x080001c3   Thumb Code     0  startup_stm32f103xb.o(.text)
    FLASH_IRQHandler                         0x080001c3   Thumb Code     0  startup_stm32f103xb.o(.text)
    I2C1_ER_IRQHandler                       0x080001c3   Thumb Code     0  startup_stm32f103xb.o(.text)
    I2C1_EV_IRQHandler                       0x080001c3   Thumb Code     0  startup_stm32f103xb.o(.text)
    I2C2_ER_IRQHandler                       0x080001c3   Thumb Code     0  startup_stm32f103xb.o(.text)
    I2C2_EV_IRQHandler                       0x080001c3   Thumb Code     0  startup_stm32f103xb.o(.text)
    PVD_IRQHandler                           0x080001c3   Thumb Code     0  startup_stm32f103xb.o(.text)
    RCC_IRQHandler                           0x080001c3   Thumb Code     0  startup_stm32f103xb.o(.text)
    RTC_Alarm_IRQHandler                     0x080001c3   Thumb Code     0  startup_stm32f103xb.o(.text)
    RTC_IRQHandler                           0x080001c3   Thumb Code     0  startup_stm32f103xb.o(.text)
    SPI1_IRQHandler                          0x080001c3   Thumb Code     0  startup_stm32f103xb.o(.text)
    SPI2_IRQHandler                          0x080001c3   Thumb Code     0  startup_stm32f103xb.o(.text)
    TAMPER_IRQHandler                        0x080001c3   Thumb Code     0  startup_stm32f103xb.o(.text)
    TIM1_BRK_IRQHandler                      0x080001c3   Thumb Code     0  startup_stm32f103xb.o(.text)
    TIM1_CC_IRQHandler                       0x080001c3   Thumb Code     0  startup_stm32f103xb.o(.text)
    TIM1_TRG_COM_IRQHandler                  0x080001c3   Thumb Code     0  startup_stm32f103xb.o(.text)
    TIM1_UP_IRQHandler                       0x080001c3   Thumb Code     0  startup_stm32f103xb.o(.text)
    TIM2_IRQHandler                          0x080001c3   Thumb Code     0  startup_stm32f103xb.o(.text)
    TIM3_IRQHandler                          0x080001c3   Thumb Code     0  startup_stm32f103xb.o(.text)
    USART1_IRQHandler                        0x080001c3   Thumb Code     0  startup_stm32f103xb.o(.text)
    USART3_IRQHandler                        0x080001c3   Thumb Code     0  startup_stm32f103xb.o(.text)
    USBWakeUp_IRQHandler                     0x080001c3   Thumb Code     0  startup_stm32f103xb.o(.text)
    USB_HP_CAN1_TX_IRQHandler                0x080001c3   Thumb Code     0  startup_stm32f103xb.o(.text)
    USB_LP_CAN1_RX0_IRQHandler               0x080001c3   Thumb Code     0  startup_stm32f103xb.o(.text)
    WWDG_IRQHandler                          0x080001c3   Thumb Code     0  startup_stm32f103xb.o(.text)
    __user_initial_stackheap                 0x080001c5   Thumb Code     0  startup_stm32f103xb.o(.text)
    __aeabi_llsr                             0x080001e9   Thumb Code     0  llushr.o(.text)
    _ll_ushift_r                             0x080001e9   Thumb Code    38  llushr.o(.text)
    __2sprintf                               0x08000211   Thumb Code    34  noretval__2sprintf.o(.text)
    _printf_pre_padding                      0x08000239   Thumb Code    44  _printf_pad.o(.text)
    _printf_post_padding                     0x08000265   Thumb Code    34  _printf_pad.o(.text)
    _printf_int_dec                          0x08000289   Thumb Code   104  _printf_dec.o(.text)
    __printf                                 0x08000301   Thumb Code   270  __printf_wp.o(.text)
    strlen                                   0x0800040f   Thumb Code    62  strlen.o(.text)
    __aeabi_memclr4                          0x0800044d   Thumb Code     0  rt_memclr_w.o(.text)
    __aeabi_memclr8                          0x0800044d   Thumb Code     0  rt_memclr_w.o(.text)
    __rt_memclr_w                            0x0800044d   Thumb Code    78  rt_memclr_w.o(.text)
    _memset_w                                0x08000451   Thumb Code     0  rt_memclr_w.o(.text)
    __use_two_region_memory                  0x0800049b   Thumb Code     2  heapauxi.o(.text)
    __rt_heap_escrow$2region                 0x0800049d   Thumb Code     2  heapauxi.o(.text)
    __rt_heap_expand$2region                 0x0800049f   Thumb Code     2  heapauxi.o(.text)
    _printf_int_common                       0x080004a1   Thumb Code   178  _printf_intcommon.o(.text)
    __lib_sel_fp_printf                      0x08000553   Thumb Code     2  _printf_fp_dec.o(.text)
    _printf_fp_dec_real                      0x08000705   Thumb Code   620  _printf_fp_dec.o(.text)
    _printf_char_common                      0x0800097b   Thumb Code    32  _printf_char_common.o(.text)
    _sputc                                   0x080009a1   Thumb Code    10  _sputc.o(.text)
    __rt_locale                              0x080009ad   Thumb Code     8  rt_locale_intlibspace.o(.text)
    _ll_udiv10                               0x080009b5   Thumb Code   138  lludiv10.o(.text)
    _printf_fp_infnan                        0x08000a41   Thumb Code   112  _printf_fp_infnan.o(.text)
    _btod_etento                             0x08000ac1   Thumb Code   224  bigflt0.o(.text)
    __user_libspace                          0x08000ba5   Thumb Code     8  libspace.o(.text)
    __user_perproc_libspace                  0x08000ba5   Thumb Code     0  libspace.o(.text)
    __user_perthread_libspace                0x08000ba5   Thumb Code     0  libspace.o(.text)
    __user_setup_stackheap                   0x08000bad   Thumb Code    74  sys_stackheap_outer.o(.text)
    exit                                     0x08000bf7   Thumb Code    18  exit.o(.text)
    strcmp                                   0x08000c09   Thumb Code   128  strcmpv7m.o(.text)
    _sys_exit                                0x08000c89   Thumb Code     8  sys_exit.o(.text)
    __I$use$semihosting                      0x08000c95   Thumb Code     0  use_no_semi.o(.text)
    __use_no_semihosting_swi                 0x08000c95   Thumb Code     2  use_no_semi.o(.text)
    __semihosting_library_function           0x08000c97   Thumb Code     0  indicate_semi.o(.text)
    _btod_d2e                                0x08000c97   Thumb Code    62  btod.o(CL$$btod_d2e)
    _d2e_denorm_low                          0x08000cd5   Thumb Code    70  btod.o(CL$$btod_d2e_denorm_low)
    _d2e_norm_op1                            0x08000d1b   Thumb Code    96  btod.o(CL$$btod_d2e_norm_op1)
    __btod_div_common                        0x08000d7b   Thumb Code   696  btod.o(CL$$btod_div_common)
    _e2e                                     0x080010b3   Thumb Code   220  btod.o(CL$$btod_e2e)
    _btod_ediv                               0x0800118f   Thumb Code    42  btod.o(CL$$btod_ediv)
    _btod_emul                               0x080011b9   Thumb Code    42  btod.o(CL$$btod_emul)
    __btod_mult_common                       0x080011e3   Thumb Code   580  btod.o(CL$$btod_mult_common)
    ADC_ConversionStop_Disable               0x08001429   Thumb Code    86  stm32f1xx_hal_adc.o(i.ADC_ConversionStop_Disable)
    ADC_DMAConvCplt                          0x0800147f   Thumb Code    78  stm32f1xx_hal_adc.o(i.ADC_DMAConvCplt)
    ADC_DMAError                             0x080014cd   Thumb Code    26  stm32f1xx_hal_adc.o(i.ADC_DMAError)
    ADC_DMAHalfConvCplt                      0x080014e7   Thumb Code    10  stm32f1xx_hal_adc.o(i.ADC_DMAHalfConvCplt)
    ADC_Enable                               0x080014f1   Thumb Code   114  stm32f1xx_hal_adc.o(i.ADC_Enable)
    Bip                                      0x0800156d   Thumb Code    52  main.o(i.Bip)
    BusFault_Handler                         0x080015a5   Thumb Code     2  stm32f1xx_it.o(i.BusFault_Handler)
    DHT22_Humidity                           0x080015a9   Thumb Code    28  dht22.o(i.DHT22_Humidity)
    DHT22_Read                               0x080015cd   Thumb Code   172  dht22.o(i.DHT22_Read)
    DHT22_Start                              0x08001681   Thumb Code   158  dht22.o(i.DHT22_Start)
    DHT22_Temperature                        0x08001729   Thumb Code    46  dht22.o(i.DHT22_Temperature)
    DMA1_Channel1_IRQHandler                 0x08001765   Thumb Code     6  stm32f1xx_it.o(i.DMA1_Channel1_IRQHandler)
    DMA1_Channel6_IRQHandler                 0x08001771   Thumb Code     6  stm32f1xx_it.o(i.DMA1_Channel6_IRQHandler)
    DS1307_Init                              0x080017a7   Thumb Code    22  ds1307.o(i.DS1307_Init)
    DS1307_Read_Byte                         0x080017bd   Thumb Code    60  ds1307.o(i.DS1307_Read_Byte)
    DS1307_Read_Time                         0x080017fd   Thumb Code    62  ds1307.o(i.DS1307_Read_Time)
    DS1307_Write_Byte                        0x08001841   Thumb Code    48  ds1307.o(i.DS1307_Write_Byte)
    DS1307_Write_Time                        0x08001875   Thumb Code    64  ds1307.o(i.DS1307_Write_Time)
    DebugMon_Handler                         0x080018b9   Thumb Code     2  stm32f1xx_it.o(i.DebugMon_Handler)
    Delay_ms                                 0x080018bb   Thumb Code    24  delay.o(i.Delay_ms)
    Delay_us                                 0x080018d5   Thumb Code    18  delay.o(i.Delay_us)
    DieuKhien                                0x080018ed   Thumb Code   638  main.o(i.DieuKhien)
    Error_Handler                            0x08001b79   Thumb Code     4  main.o(i.Error_Handler)
    FLASH_PageErase                          0x08001ba1   Thumb Code    28  stm32f1xx_hal_flash_ex.o(i.FLASH_PageErase)
    FLASH_WaitForLastOperation               0x08001c3d   Thumb Code    80  stm32f1xx_hal_flash.o(i.FLASH_WaitForLastOperation)
    Flash_Erase                              0x08001c91   Thumb Code    38  flash.o(i.Flash_Erase)
    Flash_Read_Array                         0x08001cb7   Thumb Code    26  flash.o(i.Flash_Read_Array)
    Flash_Write_Array                        0x08001cd1   Thumb Code    54  flash.o(i.Flash_Write_Array)
    HAL_ADC_ConfigChannel                    0x08001d09   Thumb Code   240  stm32f1xx_hal_adc.o(i.HAL_ADC_ConfigChannel)
    HAL_ADC_ConvCpltCallback                 0x08001e05   Thumb Code     2  stm32f1xx_hal_adc.o(i.HAL_ADC_ConvCpltCallback)
    HAL_ADC_ConvHalfCpltCallback             0x08001e07   Thumb Code     2  stm32f1xx_hal_adc.o(i.HAL_ADC_ConvHalfCpltCallback)
    HAL_ADC_ErrorCallback                    0x08001e09   Thumb Code     2  stm32f1xx_hal_adc.o(i.HAL_ADC_ErrorCallback)
    HAL_ADC_Init                             0x08001e0d   Thumb Code   272  stm32f1xx_hal_adc.o(i.HAL_ADC_Init)
    HAL_ADC_MspInit                          0x08001f29   Thumb Code   122  stm32f1xx_hal_msp.o(i.HAL_ADC_MspInit)
    HAL_ADC_Start_DMA                        0x08001fb9   Thumb Code   246  stm32f1xx_hal_adc.o(i.HAL_ADC_Start_DMA)
    HAL_DMA_Abort                            0x080020c5   Thumb Code    70  stm32f1xx_hal_dma.o(i.HAL_DMA_Abort)
    HAL_DMA_Abort_IT                         0x0800210d   Thumb Code   148  stm32f1xx_hal_dma.o(i.HAL_DMA_Abort_IT)
    HAL_DMA_IRQHandler                       0x080021a5   Thumb Code   316  stm32f1xx_hal_dma.o(i.HAL_DMA_IRQHandler)
    HAL_DMA_Init                             0x080022f9   Thumb Code    84  stm32f1xx_hal_dma.o(i.HAL_DMA_Init)
    HAL_DMA_Start_IT                         0x08002355   Thumb Code   112  stm32f1xx_hal_dma.o(i.HAL_DMA_Start_IT)
    HAL_FLASHEx_Erase                        0x080023c5   Thumb Code   160  stm32f1xx_hal_flash_ex.o(i.HAL_FLASHEx_Erase)
    HAL_FLASH_Lock                           0x0800246d   Thumb Code    14  stm32f1xx_hal_flash.o(i.HAL_FLASH_Lock)
    HAL_FLASH_Program                        0x08002481   Thumb Code   120  stm32f1xx_hal_flash.o(i.HAL_FLASH_Program)
    HAL_FLASH_Unlock                         0x08002501   Thumb Code    28  stm32f1xx_hal_flash.o(i.HAL_FLASH_Unlock)
    HAL_GPIO_Init                            0x08002529   Thumb Code   446  stm32f1xx_hal_gpio.o(i.HAL_GPIO_Init)
    HAL_GPIO_ReadPin                         0x08002709   Thumb Code    10  stm32f1xx_hal_gpio.o(i.HAL_GPIO_ReadPin)
    HAL_GPIO_WritePin                        0x08002713   Thumb Code    10  stm32f1xx_hal_gpio.o(i.HAL_GPIO_WritePin)
    HAL_GetTick                              0x0800271d   Thumb Code     6  stm32f1xx_hal.o(i.HAL_GetTick)
    HAL_I2C_Init                             0x08002729   Thumb Code   376  stm32f1xx_hal_i2c.o(i.HAL_I2C_Init)
    HAL_I2C_Master_Receive                   0x080028b1   Thumb Code   564  stm32f1xx_hal_i2c.o(i.HAL_I2C_Master_Receive)
    HAL_I2C_Master_Transmit                  0x08002af5   Thumb Code   290  stm32f1xx_hal_i2c.o(i.HAL_I2C_Master_Transmit)
    HAL_I2C_MspInit                          0x08002c21   Thumb Code    80  stm32f1xx_hal_msp.o(i.HAL_I2C_MspInit)
    HAL_IncTick                              0x08002c7d   Thumb Code    12  stm32f1xx_hal.o(i.HAL_IncTick)
    HAL_Init                                 0x08002c8d   Thumb Code    32  stm32f1xx_hal.o(i.HAL_Init)
    HAL_InitTick                             0x08002cb1   Thumb Code    54  stm32f1xx_hal.o(i.HAL_InitTick)
    HAL_MspInit                              0x08002cf1   Thumb Code    52  stm32f1xx_hal_msp.o(i.HAL_MspInit)
    HAL_NVIC_EnableIRQ                       0x08002d2d   Thumb Code    26  stm32f1xx_hal_cortex.o(i.HAL_NVIC_EnableIRQ)
    HAL_NVIC_SetPriority                     0x08002d49   Thumb Code    60  stm32f1xx_hal_cortex.o(i.HAL_NVIC_SetPriority)
    HAL_NVIC_SetPriorityGrouping             0x08002d89   Thumb Code    26  stm32f1xx_hal_cortex.o(i.HAL_NVIC_SetPriorityGrouping)
    HAL_RCCEx_PeriphCLKConfig                0x08002dad   Thumb Code   224  stm32f1xx_hal_rcc_ex.o(i.HAL_RCCEx_PeriphCLKConfig)
    HAL_RCC_ClockConfig                      0x08002e99   Thumb Code   280  stm32f1xx_hal_rcc.o(i.HAL_RCC_ClockConfig)
    HAL_RCC_GetPCLK1Freq                     0x08002fc5   Thumb Code    20  stm32f1xx_hal_rcc.o(i.HAL_RCC_GetPCLK1Freq)
    HAL_RCC_GetPCLK2Freq                     0x08002fe5   Thumb Code    20  stm32f1xx_hal_rcc.o(i.HAL_RCC_GetPCLK2Freq)
    HAL_RCC_GetSysClockFreq                  0x08003005   Thumb Code    74  stm32f1xx_hal_rcc.o(i.HAL_RCC_GetSysClockFreq)
    HAL_RCC_OscConfig                        0x08003071   Thumb Code   778  stm32f1xx_hal_rcc.o(i.HAL_RCC_OscConfig)
    HAL_SYSTICK_Config                       0x08003391   Thumb Code    40  stm32f1xx_hal_cortex.o(i.HAL_SYSTICK_Config)
    HAL_TIMEx_BreakCallback                  0x080033b9   Thumb Code     2  stm32f1xx_hal_tim_ex.o(i.HAL_TIMEx_BreakCallback)
    HAL_TIMEx_CommutCallback                 0x080033bb   Thumb Code     2  stm32f1xx_hal_tim_ex.o(i.HAL_TIMEx_CommutCallback)
    HAL_TIMEx_MasterConfigSynchronization    0x080033bd   Thumb Code    92  stm32f1xx_hal_tim_ex.o(i.HAL_TIMEx_MasterConfigSynchronization)
    HAL_TIM_Base_Init                        0x08003425   Thumb Code    90  stm32f1xx_hal_tim.o(i.HAL_TIM_Base_Init)
    HAL_TIM_Base_MspInit                     0x08003481   Thumb Code    50  stm32f1xx_hal_msp.o(i.HAL_TIM_Base_MspInit)
    HAL_TIM_Base_Start                       0x080034bd   Thumb Code    66  stm32f1xx_hal_tim.o(i.HAL_TIM_Base_Start)
    HAL_TIM_ConfigClockSource                0x0800350d   Thumb Code   214  stm32f1xx_hal_tim.o(i.HAL_TIM_ConfigClockSource)
    HAL_TIM_IC_CaptureCallback               0x080035e3   Thumb Code     2  stm32f1xx_hal_tim.o(i.HAL_TIM_IC_CaptureCallback)
    HAL_TIM_IRQHandler                       0x080035e5   Thumb Code   358  stm32f1xx_hal_tim.o(i.HAL_TIM_IRQHandler)
    HAL_TIM_OC_DelayElapsedCallback          0x0800374b   Thumb Code     2  stm32f1xx_hal_tim.o(i.HAL_TIM_OC_DelayElapsedCallback)
    HAL_TIM_PWM_PulseFinishedCallback        0x0800374d   Thumb Code     2  stm32f1xx_hal_tim.o(i.HAL_TIM_PWM_PulseFinishedCallback)
    HAL_TIM_PeriodElapsedCallback            0x0800374f   Thumb Code     2  stm32f1xx_hal_tim.o(i.HAL_TIM_PeriodElapsedCallback)
    HAL_TIM_TriggerCallback                  0x08003751   Thumb Code     2  stm32f1xx_hal_tim.o(i.HAL_TIM_TriggerCallback)
    HAL_UARTEx_ReceiveToIdle_DMA             0x08003753   Thumb Code    74  stm32f1xx_hal_uart.o(i.HAL_UARTEx_ReceiveToIdle_DMA)
    HAL_UARTEx_RxEventCallback               0x0800379d   Thumb Code    12  main.o(i.HAL_UARTEx_RxEventCallback)
    HAL_UART_ErrorCallback                   0x080037ad   Thumb Code     2  stm32f1xx_hal_uart.o(i.HAL_UART_ErrorCallback)
    HAL_UART_IRQHandler                      0x080037b1   Thumb Code   520  stm32f1xx_hal_uart.o(i.HAL_UART_IRQHandler)
    HAL_UART_Init                            0x080039bd   Thumb Code    98  stm32f1xx_hal_uart.o(i.HAL_UART_Init)
    HAL_UART_MspInit                         0x08003a21   Thumb Code   154  stm32f1xx_hal_msp.o(i.HAL_UART_MspInit)
    HAL_UART_RxCpltCallback                  0x08003ad1   Thumb Code     2  stm32f1xx_hal_uart.o(i.HAL_UART_RxCpltCallback)
    HAL_UART_RxHalfCpltCallback              0x08003ad3   Thumb Code     2  stm32f1xx_hal_uart.o(i.HAL_UART_RxHalfCpltCallback)
    HAL_UART_Transmit                        0x08003ad5   Thumb Code   178  stm32f1xx_hal_uart.o(i.HAL_UART_Transmit)
    HAL_UART_TxCpltCallback                  0x08003b87   Thumb Code     2  stm32f1xx_hal_uart.o(i.HAL_UART_TxCpltCallback)
    HardFault_Handler                        0x08003b89   Thumb Code     2  stm32f1xx_it.o(i.HardFault_Handler)
    Hien_Thi_LCD                             0x08003b8d   Thumb Code  4400  main.o(i.Hien_Thi_LCD)
    KeyBoard                                 0x080050e1   Thumb Code  1980  main.o(i.KeyBoard)
    LCD20X4_Clear                            0x080058a5   Thumb Code    20  lcd20x4.o(i.LCD20X4_Clear)
    LCD20X4_Enable                           0x080058b9   Thumb Code    42  lcd20x4.o(i.LCD20X4_Enable)
    LCD20X4_Gotoxy                           0x080058e9   Thumb Code    44  lcd20x4.o(i.LCD20X4_Gotoxy)
    LCD20X4_Init                             0x08005915   Thumb Code   102  lcd20x4.o(i.LCD20X4_Init)
    LCD20X4_PutChar                          0x08005981   Thumb Code     6  lcd20x4.o(i.LCD20X4_PutChar)
    LCD20X4_PutString                        0x08005989   Thumb Code    22  lcd20x4.o(i.LCD20X4_PutString)
    LCD20X4_Send4Bit                         0x080059a1   Thumb Code    62  lcd20x4.o(i.LCD20X4_Send4Bit)
    LCD20X4_SendCommand                      0x080059e9   Thumb Code    48  lcd20x4.o(i.LCD20X4_SendCommand)
    LCD20X4_SendFloat                        0x08005a1d   Thumb Code   108  lcd20x4.o(i.LCD20X4_SendFloat)
    LCD20X4_SendInteger                      0x08005a91   Thumb Code    98  lcd20x4.o(i.LCD20X4_SendInteger)
    MemManage_Handler                        0x08005c69   Thumb Code     2  stm32f1xx_it.o(i.MemManage_Handler)
    NMI_Handler                              0x08005c6b   Thumb Code     2  stm32f1xx_it.o(i.NMI_Handler)
    PendSV_Handler                           0x08005c6d   Thumb Code     2  stm32f1xx_it.o(i.PendSV_Handler)
    Read_Data_Save_Flash                     0x08005c71   Thumb Code   216  main.o(i.Read_Data_Save_Flash)
    SVC_Handler                              0x08005d5d   Thumb Code     2  stm32f1xx_it.o(i.SVC_Handler)
    Save_Data_Fan_Flash                      0x08005d61   Thumb Code    36  main.o(i.Save_Data_Fan_Flash)
    Save_Data_Lamp_Flash                     0x08005d8d   Thumb Code    76  main.o(i.Save_Data_Lamp_Flash)
    Save_Data_Pump_Flash                     0x08005de1   Thumb Code    76  main.o(i.Save_Data_Pump_Flash)
    Save_Data_Waring_Flash                   0x08005e35   Thumb Code    48  main.o(i.Save_Data_Waring_Flash)
    Set_Para_Clock                           0x08005e6d   Thumb Code   242  main.o(i.Set_Para_Clock)
    Set_Para_Fan                             0x08005f65   Thumb Code    60  main.o(i.Set_Para_Fan)
    Set_Para_Lamp                            0x08005fa5   Thumb Code   162  main.o(i.Set_Para_Lamp)
    Set_Para_Pump                            0x0800604d   Thumb Code    66  main.o(i.Set_Para_Pump)
    Set_Para_Warning                         0x08006095   Thumb Code    80  main.o(i.Set_Para_Warning)
    SysTick_Handler                          0x080060e9   Thumb Code     4  stm32f1xx_it.o(i.SysTick_Handler)
    SystemClock_Config                       0x080060ed   Thumb Code   120  main.o(i.SystemClock_Config)
    SystemInit                               0x08006165   Thumb Code     2  system_stm32f1xx.o(i.SystemInit)
    TIM4_IRQHandler                          0x08006169   Thumb Code     6  stm32f1xx_it.o(i.TIM4_IRQHandler)
    TIM_Base_SetConfig                       0x08006175   Thumb Code    94  stm32f1xx_hal_tim.o(i.TIM_Base_SetConfig)
    TIM_ETR_SetConfig                        0x080061e1   Thumb Code    20  stm32f1xx_hal_tim.o(i.TIM_ETR_SetConfig)
    UART_Start_Receive_DMA                   0x080064c9   Thumb Code    98  stm32f1xx_hal_uart.o(i.UART_Start_Receive_DMA)
    USART2_IRQHandler                        0x0800659d   Thumb Code     6  stm32f1xx_it.o(i.USART2_IRQHandler)
    UsageFault_Handler                       0x080065a9   Thumb Code     2  stm32f1xx_it.o(i.UsageFault_Handler)
    __ARM_fpclassify                         0x080065ab   Thumb Code    40  fpclassify.o(i.__ARM_fpclassify)
    _is_digit                                0x080065f3   Thumb Code    14  __printf_wp.o(i._is_digit)
    main                                     0x08006601   Thumb Code   586  main.o(i.main)
    _get_lc_numeric                          0x080068dd   Thumb Code    44  lc_numeric_c.o(locale$$code)
    __aeabi_d2f                              0x08006909   Thumb Code     0  d2f.o(x$fpl$d2f)
    _d2f                                     0x08006909   Thumb Code    98  d2f.o(x$fpl$d2f)
    __aeabi_ddiv                             0x0800696d   Thumb Code     0  ddiv.o(x$fpl$ddiv)
    _ddiv                                    0x0800696d   Thumb Code   552  ddiv.o(x$fpl$ddiv)
    __aeabi_i2d                              0x08006c1d   Thumb Code     0  dflt_clz.o(x$fpl$dflt)
    _dflt                                    0x08006c1d   Thumb Code    46  dflt_clz.o(x$fpl$dflt)
    __fpl_dnaninf                            0x08006c4b   Thumb Code   156  dnaninf.o(x$fpl$dnaninf)
    __fpl_dretinf                            0x08006ce7   Thumb Code    12  dretinf.o(x$fpl$dretinf)
    __aeabi_f2d                              0x08006cf5   Thumb Code     0  f2d.o(x$fpl$f2d)
    _f2d                                     0x08006cf5   Thumb Code    86  f2d.o(x$fpl$f2d)
    __aeabi_fadd                             0x08006d4d   Thumb Code     0  faddsub_clz.o(x$fpl$fadd)
    _fadd                                    0x08006d4d   Thumb Code   196  faddsub_clz.o(x$fpl$fadd)
    __fpl_fcmp_Inf                           0x08006e11   Thumb Code    24  fcmpi.o(x$fpl$fcmpinf)
    __aeabi_f2iz                             0x08006e29   Thumb Code     0  ffix.o(x$fpl$ffix)
    _ffix                                    0x08006e29   Thumb Code    54  ffix.o(x$fpl$ffix)
    __aeabi_i2f                              0x08006e61   Thumb Code     0  fflt_clz.o(x$fpl$fflt)
    _fflt                                    0x08006e61   Thumb Code    48  fflt_clz.o(x$fpl$fflt)
    __aeabi_cfcmple                          0x08006e91   Thumb Code     0  fleqf.o(x$fpl$fleqf)
    _fcmple                                  0x08006e91   Thumb Code   104  fleqf.o(x$fpl$fleqf)
    __fpl_fcmple_InfNaN                      0x08006ee3   Thumb Code     0  fleqf.o(x$fpl$fleqf)
    __aeabi_fmul                             0x08006ef9   Thumb Code     0  fmul.o(x$fpl$fmul)
    _fmul                                    0x08006ef9   Thumb Code   258  fmul.o(x$fpl$fmul)
    __fpl_fnaninf                            0x08006ffb   Thumb Code   140  fnaninf.o(x$fpl$fnaninf)
    __fpl_fretinf                            0x08007087   Thumb Code    10  fretinf.o(x$fpl$fretinf)
    __aeabi_cfrcmple                         0x08007091   Thumb Code     0  frleqf.o(x$fpl$frleqf)
    _frcmple                                 0x08007091   Thumb Code    98  frleqf.o(x$fpl$frleqf)
    __aeabi_frsub                            0x080070f3   Thumb Code     0  faddsub_clz.o(x$fpl$frsb)
    _frsb                                    0x080070f3   Thumb Code    20  faddsub_clz.o(x$fpl$frsb)
    __aeabi_fsub                             0x08007109   Thumb Code     0  faddsub_clz.o(x$fpl$fsub)
    _fsub                                    0x08007109   Thumb Code   234  faddsub_clz.o(x$fpl$fsub)
    _printf_fp_dec                           0x080071f3   Thumb Code     4  printf1.o(x$fpl$printf1)
    AHBPrescTable                            0x080071f6   Data          16  system_stm32f1xx.o(.constdata)
    __I$use$fp                               0x080071f6   Number         0  usenofp.o(x$fpl$usenofp)
    APBPrescTable                            0x08007206   Data           8  system_stm32f1xx.o(.constdata)
    Region$$Table$$Base                      0x080072c0   Number         0  anon$$obj.o(Region$$Table)
    Region$$Table$$Limit                     0x080072e0   Number         0  anon$$obj.o(Region$$Table)
    Status_Menu_Setting                      0x20000000   Data           1  main.o(.data)
    Status_Mode_Time                         0x20000001   Data           1  main.o(.data)
    Status_Mode_Warning                      0x20000002   Data           1  main.o(.data)
    Status_Mode_Auto                         0x20000003   Data           1  main.o(.data)
    Status_Mode_Manual                       0x20000004   Data           1  main.o(.data)
    Status_Mode_Lamp                         0x20000005   Data           1  main.o(.data)
    Status_Mode_Fan                          0x20000006   Data           1  main.o(.data)
    Old_Display_LCD_Main                     0x20000007   Data           1  main.o(.data)
    Status_Mode_Pump_On_Off                  0x20000008   Data           1  main.o(.data)
    Display_Main                             0x20000009   Data           1  main.o(.data)
    Old_Display_Lamp                         0x20000012   Data           1  main.o(.data)
    Display_Lamp                             0x20000013   Data           1  main.o(.data)
    LCD_Main_Or_Setting                      0x20000014   Data           1  main.o(.data)
    LCD_Menu_Setting                         0x20000015   Data           1  main.o(.data)
    LCD_Set_Auto                             0x20000016   Data           1  main.o(.data)
    LCD_Heating_Lamp                         0x20000017   Data           1  main.o(.data)
    LCD_Pump                                 0x20000018   Data           1  main.o(.data)
    LCD_Set_Fan                              0x20000019   Data           1  main.o(.data)
    LCD_Set_Time                             0x2000001a   Data           1  main.o(.data)
    LCD_Set_Warning                          0x2000001b   Data           1  main.o(.data)
    LCD_Set_Pump_TIM_1                       0x2000001c   Data           1  main.o(.data)
    LCD_Set_Pump_TIM_2                       0x2000001d   Data           1  main.o(.data)
    Clock_1Hz                                0x2000001e   Data           1  main.o(.data)
    Prioritized                              0x2000001f   Data           1  main.o(.data)
    b_Auto_Set_Reset_Pump_TIM_1              0x20000020   Data           1  main.o(.data)
    b_Auto_Set_Reset_Pump_TIM_2              0x20000021   Data           1  main.o(.data)
    b_LCD_Manual                             0x20000022   Data           1  main.o(.data)
    Mode_Auto_Or_Manual                      0x20000023   Data           1  main.o(.data)
    b_Manual_Set_Reset_Heating_Lamp          0x20000024   Data           1  main.o(.data)
    b_Manual_Set_Reset_Pump                  0x20000025   Data           1  main.o(.data)
    b_Manual_Set_Reset_Fan                   0x20000026   Data           1  main.o(.data)
    b_Warning_Low_Humidity                   0x20000027   Data           1  main.o(.data)
    b_Warning_High_Humidity                  0x20000028   Data           1  main.o(.data)
    b_Warning_Low_Temperature                0x20000029   Data           1  main.o(.data)
    b_Warning_High_Temperature               0x2000002a   Data           1  main.o(.data)
    b_Status_DHT                             0x2000002b   Data           1  main.o(.data)
    b_Auto_Morning_Set_Reset_Lamp            0x2000002c   Data           1  main.o(.data)
    b_Auto_Evening_Set_Reset_Lamp            0x2000002d   Data           1  main.o(.data)
    b_Auto_Set_Reset_Fan                     0x2000002e   Data           1  main.o(.data)
    b_Status_Lamp                            0x2000002f   Data           1  main.o(.data)
    b_Status_Fan                             0x20000030   Data           1  main.o(.data)
    b_Status_Pump                            0x20000031   Data           1  main.o(.data)
    Buffer_ADC                               0x20000032   Data           2  main.o(.data)
    DoAmAo                                   0x20000034   Data           2  main.o(.data)
    DoAmThat                                 0x20000036   Data           2  main.o(.data)
    Relay_Fan                                0x20000038   Data           2  main.o(.data)
    f_Nhiet_Do                               0x2000003c   Data           4  main.o(.data)
    f_Do_Am_Khong_Khi                        0x20000040   Data           4  main.o(.data)
    lastDelay                                0x20000044   Data           4  main.o(.data)
    last_Delay_1Hz                           0x20000048   Data           4  main.o(.data)
    Warning                                  0x2000004c   Data           4  main.o(.data)
    Relay_Lamp_Morning                       0x20000050   Data           4  main.o(.data)
    Relay_Lamp_Evening                       0x20000054   Data           4  main.o(.data)
    Relay_Pump                               0x20000058   Data           4  main.o(.data)
    Relay_Pump_TIM_1                         0x2000005c   Data           5  main.o(.data)
    Relay_Pump_TIM_2                         0x20000061   Data           5  main.o(.data)
    Days                                     0x20000068   Data          28  main.o(.data)
    uwTickFreq                               0x20000084   Data           1  stm32f1xx_hal.o(.data)
    uwTickPrio                               0x20000088   Data           4  stm32f1xx_hal.o(.data)
    uwTick                                   0x2000008c   Data           4  stm32f1xx_hal.o(.data)
    SystemCoreClock                          0x20000090   Data           4  system_stm32f1xx.o(.data)
    DS1307                                   0x20000094   Data           7  ds1307.o(.data)
    Rx_Data                                  0x200000a8   Data          60  main.o(.bss)
    Tx_Data                                  0x200000e4   Data          20  main.o(.bss)
    hadc1                                    0x200000f8   Data          48  main.o(.bss)
    hi2c1                                    0x20000128   Data          84  main.o(.bss)
    htim4                                    0x2000017c   Data          72  main.o(.bss)
    huart2                                   0x200001c4   Data          68  main.o(.bss)
    hdma_usart2_rx                           0x20000208   Data          68  main.o(.bss)
    hdma_adc1                                0x2000024c   Data          68  main.o(.bss)
    pFlash                                   0x20000290   Data          32  stm32f1xx_hal_flash.o(.bss)
    __libspace_start                         0x200002b0   Data          96  libspace.o(.bss)
    __temporary_stack_top$libspace           0x20000310   Data           0  libspace.o(.bss)



==============================================================================

Memory Map of the image

  Image Entry point : 0x080000ed

  Load Region LR_IROM1 (Base: 0x08000000, Size: 0x000073a4, Max: 0x00010000, ABSOLUTE)

    Execution Region ER_IROM1 (Exec base: 0x08000000, Load base: 0x08000000, Size: 0x000072fc, Max: 0x00010000, ABSOLUTE)

    Exec Addr    Load Addr    Size         Type   Attr      Idx    E Section Name        Object

    0x08000000   0x08000000   0x000000ec   Data   RO            3    RESET               startup_stm32f103xb.o
    0x080000ec   0x080000ec   0x00000008   Code   RO         3858  * !!!main             c_w.l(__main.o)
    0x080000f4   0x080000f4   0x00000034   Code   RO         4118    !!!scatter          c_w.l(__scatter.o)
    0x08000128   0x08000128   0x0000001a   Code   RO         4120    !!handler_copy      c_w.l(__scatter_copy.o)
    0x08000142   0x08000142   0x00000002   PAD
    0x08000144   0x08000144   0x0000001c   Code   RO         4122    !!handler_zi        c_w.l(__scatter_zi.o)
    0x08000160   0x08000160   0x00000000   Code   RO         3851    .ARM.Collect$$_printf_percent$$00000000  c_w.l(_printf_percent.o)
    0x08000160   0x08000160   0x00000006   Code   RO         3850    .ARM.Collect$$_printf_percent$$00000003  c_w.l(_printf_f.o)
    0x08000166   0x08000166   0x00000006   Code   RO         3849    .ARM.Collect$$_printf_percent$$00000009  c_w.l(_printf_d.o)
    0x0800016c   0x0800016c   0x00000004   Code   RO         3907    .ARM.Collect$$_printf_percent$$00000017  c_w.l(_printf_percent_end.o)
    0x08000170   0x08000170   0x00000002   Code   RO         3991    .ARM.Collect$$libinit$$00000000  c_w.l(libinit.o)
    0x08000172   0x08000172   0x00000000   Code   RO         3993    .ARM.Collect$$libinit$$00000002  c_w.l(libinit2.o)
    0x08000172   0x08000172   0x00000000   Code   RO         3995    .ARM.Collect$$libinit$$00000004  c_w.l(libinit2.o)
    0x08000172   0x08000172   0x00000000   Code   RO         3998    .ARM.Collect$$libinit$$0000000A  c_w.l(libinit2.o)
    0x08000172   0x08000172   0x00000000   Code   RO         4000    .ARM.Collect$$libinit$$0000000C  c_w.l(libinit2.o)
    0x08000172   0x08000172   0x00000000   Code   RO         4002    .ARM.Collect$$libinit$$0000000E  c_w.l(libinit2.o)
    0x08000172   0x08000172   0x00000006   Code   RO         4003    .ARM.Collect$$libinit$$0000000F  c_w.l(libinit2.o)
    0x08000178   0x08000178   0x00000000   Code   RO         4005    .ARM.Collect$$libinit$$00000011  c_w.l(libinit2.o)
    0x08000178   0x08000178   0x00000000   Code   RO         4007    .ARM.Collect$$libinit$$00000013  c_w.l(libinit2.o)
    0x08000178   0x08000178   0x00000000   Code   RO         4009    .ARM.Collect$$libinit$$00000015  c_w.l(libinit2.o)
    0x08000178   0x08000178   0x0000000a   Code   RO         4010    .ARM.Collect$$libinit$$00000016  c_w.l(libinit2.o)
    0x08000182   0x08000182   0x00000000   Code   RO         4011    .ARM.Collect$$libinit$$00000017  c_w.l(libinit2.o)
    0x08000182   0x08000182   0x00000000   Code   RO         4013    .ARM.Collect$$libinit$$00000019  c_w.l(libinit2.o)
    0x08000182   0x08000182   0x00000000   Code   RO         4015    .ARM.Collect$$libinit$$0000001B  c_w.l(libinit2.o)
    0x08000182   0x08000182   0x00000000   Code   RO         4017    .ARM.Collect$$libinit$$0000001D  c_w.l(libinit2.o)
    0x08000182   0x08000182   0x00000000   Code   RO         4019    .ARM.Collect$$libinit$$0000001F  c_w.l(libinit2.o)
    0x08000182   0x08000182   0x00000000   Code   RO         4021    .ARM.Collect$$libinit$$00000021  c_w.l(libinit2.o)
    0x08000182   0x08000182   0x00000000   Code   RO         4023    .ARM.Collect$$libinit$$00000023  c_w.l(libinit2.o)
    0x08000182   0x08000182   0x00000000   Code   RO         4025    .ARM.Collect$$libinit$$00000025  c_w.l(libinit2.o)
    0x08000182   0x08000182   0x00000000   Code   RO         4029    .ARM.Collect$$libinit$$0000002C  c_w.l(libinit2.o)
    0x08000182   0x08000182   0x00000000   Code   RO         4031    .ARM.Collect$$libinit$$0000002E  c_w.l(libinit2.o)
    0x08000182   0x08000182   0x00000000   Code   RO         4033    .ARM.Collect$$libinit$$00000030  c_w.l(libinit2.o)
    0x08000182   0x08000182   0x00000000   Code   RO         4035    .ARM.Collect$$libinit$$00000032  c_w.l(libinit2.o)
    0x08000182   0x08000182   0x00000002   Code   RO         4036    .ARM.Collect$$libinit$$00000033  c_w.l(libinit2.o)
    0x08000184   0x08000184   0x00000002   Code   RO         4066    .ARM.Collect$$libshutdown$$00000000  c_w.l(libshutdown.o)
    0x08000186   0x08000186   0x00000000   Code   RO         4077    .ARM.Collect$$libshutdown$$00000002  c_w.l(libshutdown2.o)
    0x08000186   0x08000186   0x00000000   Code   RO         4079    .ARM.Collect$$libshutdown$$00000004  c_w.l(libshutdown2.o)
    0x08000186   0x08000186   0x00000000   Code   RO         4082    .ARM.Collect$$libshutdown$$00000007  c_w.l(libshutdown2.o)
    0x08000186   0x08000186   0x00000000   Code   RO         4085    .ARM.Collect$$libshutdown$$0000000A  c_w.l(libshutdown2.o)
    0x08000186   0x08000186   0x00000000   Code   RO         4087    .ARM.Collect$$libshutdown$$0000000C  c_w.l(libshutdown2.o)
    0x08000186   0x08000186   0x00000000   Code   RO         4090    .ARM.Collect$$libshutdown$$0000000F  c_w.l(libshutdown2.o)
    0x08000186   0x08000186   0x00000002   Code   RO         4091    .ARM.Collect$$libshutdown$$00000010  c_w.l(libshutdown2.o)
    0x08000188   0x08000188   0x00000000   Code   RO         3898    .ARM.Collect$$rtentry$$00000000  c_w.l(__rtentry.o)
    0x08000188   0x08000188   0x00000000   Code   RO         3920    .ARM.Collect$$rtentry$$00000002  c_w.l(__rtentry2.o)
    0x08000188   0x08000188   0x00000006   Code   RO         3932    .ARM.Collect$$rtentry$$00000004  c_w.l(__rtentry4.o)
    0x0800018e   0x0800018e   0x00000000   Code   RO         3922    .ARM.Collect$$rtentry$$00000009  c_w.l(__rtentry2.o)
    0x0800018e   0x0800018e   0x00000004   Code   RO         3923    .ARM.Collect$$rtentry$$0000000A  c_w.l(__rtentry2.o)
    0x08000192   0x08000192   0x00000000   Code   RO         3925    .ARM.Collect$$rtentry$$0000000C  c_w.l(__rtentry2.o)
    0x08000192   0x08000192   0x00000008   Code   RO         3926    .ARM.Collect$$rtentry$$0000000D  c_w.l(__rtentry2.o)
    0x0800019a   0x0800019a   0x00000002   Code   RO         4037    .ARM.Collect$$rtexit$$00000000  c_w.l(rtexit.o)
    0x0800019c   0x0800019c   0x00000000   Code   RO         4044    .ARM.Collect$$rtexit$$00000002  c_w.l(rtexit2.o)
    0x0800019c   0x0800019c   0x00000004   Code   RO         4045    .ARM.Collect$$rtexit$$00000003  c_w.l(rtexit2.o)
    0x080001a0   0x080001a0   0x00000006   Code   RO         4046    .ARM.Collect$$rtexit$$00000004  c_w.l(rtexit2.o)
    0x080001a6   0x080001a6   0x00000002   PAD
    0x080001a8   0x080001a8   0x00000040   Code   RO            4    .text               startup_stm32f103xb.o
    0x080001e8   0x080001e8   0x00000026   Code   RO         3817    .text               c_w.l(llushr.o)
    0x0800020e   0x0800020e   0x00000002   PAD
    0x08000210   0x08000210   0x00000028   Code   RO         3821    .text               c_w.l(noretval__2sprintf.o)
    0x08000238   0x08000238   0x0000004e   Code   RO         3825    .text               c_w.l(_printf_pad.o)
    0x08000286   0x08000286   0x00000002   PAD
    0x08000288   0x08000288   0x00000078   Code   RO         3827    .text               c_w.l(_printf_dec.o)
    0x08000300   0x08000300   0x0000010e   Code   RO         3837    .text               c_w.l(__printf_wp.o)
    0x0800040e   0x0800040e   0x0000003e   Code   RO         3852    .text               c_w.l(strlen.o)
    0x0800044c   0x0800044c   0x0000004e   Code   RO         3854    .text               c_w.l(rt_memclr_w.o)
    0x0800049a   0x0800049a   0x00000006   Code   RO         3856    .text               c_w.l(heapauxi.o)
    0x080004a0   0x080004a0   0x000000b2   Code   RO         3899    .text               c_w.l(_printf_intcommon.o)
    0x08000552   0x08000552   0x0000041e   Code   RO         3901    .text               c_w.l(_printf_fp_dec.o)
    0x08000970   0x08000970   0x00000030   Code   RO         3903    .text               c_w.l(_printf_char_common.o)
    0x080009a0   0x080009a0   0x0000000a   Code   RO         3905    .text               c_w.l(_sputc.o)
    0x080009aa   0x080009aa   0x00000002   PAD
    0x080009ac   0x080009ac   0x00000008   Code   RO         3937    .text               c_w.l(rt_locale_intlibspace.o)
    0x080009b4   0x080009b4   0x0000008a   Code   RO         3939    .text               c_w.l(lludiv10.o)
    0x08000a3e   0x08000a3e   0x00000002   PAD
    0x08000a40   0x08000a40   0x00000080   Code   RO         3941    .text               c_w.l(_printf_fp_infnan.o)
    0x08000ac0   0x08000ac0   0x000000e4   Code   RO         3945    .text               c_w.l(bigflt0.o)
    0x08000ba4   0x08000ba4   0x00000008   Code   RO         3977    .text               c_w.l(libspace.o)
    0x08000bac   0x08000bac   0x0000004a   Code   RO         3980    .text               c_w.l(sys_stackheap_outer.o)
    0x08000bf6   0x08000bf6   0x00000012   Code   RO         3982    .text               c_w.l(exit.o)
    0x08000c08   0x08000c08   0x00000080   Code   RO         3984    .text               c_w.l(strcmpv7m.o)
    0x08000c88   0x08000c88   0x0000000c   Code   RO         4056    .text               c_w.l(sys_exit.o)
    0x08000c94   0x08000c94   0x00000002   Code   RO         4067    .text               c_w.l(use_no_semi.o)
    0x08000c96   0x08000c96   0x00000000   Code   RO         4069    .text               c_w.l(indicate_semi.o)
    0x08000c96   0x08000c96   0x0000003e   Code   RO         3948    CL$$btod_d2e        c_w.l(btod.o)
    0x08000cd4   0x08000cd4   0x00000046   Code   RO         3950    CL$$btod_d2e_denorm_low  c_w.l(btod.o)
    0x08000d1a   0x08000d1a   0x00000060   Code   RO         3949    CL$$btod_d2e_norm_op1  c_w.l(btod.o)
    0x08000d7a   0x08000d7a   0x00000338   Code   RO         3958    CL$$btod_div_common  c_w.l(btod.o)
    0x080010b2   0x080010b2   0x000000dc   Code   RO         3955    CL$$btod_e2e        c_w.l(btod.o)
    0x0800118e   0x0800118e   0x0000002a   Code   RO         3952    CL$$btod_ediv       c_w.l(btod.o)
    0x080011b8   0x080011b8   0x0000002a   Code   RO         3951    CL$$btod_emul       c_w.l(btod.o)
    0x080011e2   0x080011e2   0x00000244   Code   RO         3957    CL$$btod_mult_common  c_w.l(btod.o)
    0x08001426   0x08001426   0x00000002   PAD
    0x08001428   0x08001428   0x00000056   Code   RO          494    i.ADC_ConversionStop_Disable  stm32f1xx_hal_adc.o
    0x0800147e   0x0800147e   0x0000004e   Code   RO          495    i.ADC_DMAConvCplt   stm32f1xx_hal_adc.o
    0x080014cc   0x080014cc   0x0000001a   Code   RO          496    i.ADC_DMAError      stm32f1xx_hal_adc.o
    0x080014e6   0x080014e6   0x0000000a   Code   RO          497    i.ADC_DMAHalfConvCplt  stm32f1xx_hal_adc.o
    0x080014f0   0x080014f0   0x0000007c   Code   RO          498    i.ADC_Enable        stm32f1xx_hal_adc.o
    0x0800156c   0x0800156c   0x00000038   Code   RO           13    i.Bip               main.o
    0x080015a4   0x080015a4   0x00000002   Code   RO          282    i.BusFault_Handler  stm32f1xx_it.o
    0x080015a6   0x080015a6   0x00000002   PAD
    0x080015a8   0x080015a8   0x00000024   Code   RO         3708    i.DHT22_Humidity    dht22.o
    0x080015cc   0x080015cc   0x000000b4   Code   RO         3709    i.DHT22_Read        dht22.o
    0x08001680   0x08001680   0x000000a8   Code   RO         3710    i.DHT22_Start       dht22.o
    0x08001728   0x08001728   0x0000003c   Code   RO         3711    i.DHT22_Temperature  dht22.o
    0x08001764   0x08001764   0x0000000c   Code   RO          283    i.DMA1_Channel1_IRQHandler  stm32f1xx_it.o
    0x08001770   0x08001770   0x0000000c   Code   RO          284    i.DMA1_Channel6_IRQHandler  stm32f1xx_it.o
    0x0800177c   0x0800177c   0x0000002a   Code   RO         1148    i.DMA_SetConfig     stm32f1xx_hal_dma.o
    0x080017a6   0x080017a6   0x00000016   Code   RO         3651    i.DS1307_Init       ds1307.o
    0x080017bc   0x080017bc   0x00000040   Code   RO         3652    i.DS1307_Read_Byte  ds1307.o
    0x080017fc   0x080017fc   0x00000044   Code   RO         3653    i.DS1307_Read_Time  ds1307.o
    0x08001840   0x08001840   0x00000034   Code   RO         3655    i.DS1307_Write_Byte  ds1307.o
    0x08001874   0x08001874   0x00000044   Code   RO         3656    i.DS1307_Write_Time  ds1307.o
    0x080018b8   0x080018b8   0x00000002   Code   RO          285    i.DebugMon_Handler  stm32f1xx_it.o
    0x080018ba   0x080018ba   0x00000018   Code   RO         3621    i.Delay_ms          delay.o
    0x080018d2   0x080018d2   0x00000002   PAD
    0x080018d4   0x080018d4   0x00000018   Code   RO         3622    i.Delay_us          delay.o
    0x080018ec   0x080018ec   0x0000028c   Code   RO           14    i.DieuKhien         main.o
    0x08001b78   0x08001b78   0x00000004   Code   RO           15    i.Error_Handler     main.o
    0x08001b7c   0x08001b7c   0x00000024   Code   RO         1588    i.FLASH_MassErase   stm32f1xx_hal_flash_ex.o
    0x08001ba0   0x08001ba0   0x00000024   Code   RO         1593    i.FLASH_PageErase   stm32f1xx_hal_flash_ex.o
    0x08001bc4   0x08001bc4   0x0000001c   Code   RO         1485    i.FLASH_Program_HalfWord  stm32f1xx_hal_flash.o
    0x08001be0   0x08001be0   0x0000005c   Code   RO         1486    i.FLASH_SetErrorCode  stm32f1xx_hal_flash.o
    0x08001c3c   0x08001c3c   0x00000054   Code   RO         1487    i.FLASH_WaitForLastOperation  stm32f1xx_hal_flash.o
    0x08001c90   0x08001c90   0x00000026   Code   RO         3752    i.Flash_Erase       flash.o
    0x08001cb6   0x08001cb6   0x0000001a   Code   RO         3753    i.Flash_Read_Array  flash.o
    0x08001cd0   0x08001cd0   0x00000036   Code   RO         3756    i.Flash_Write_Array  flash.o
    0x08001d06   0x08001d06   0x00000002   PAD
    0x08001d08   0x08001d08   0x000000fc   Code   RO          500    i.HAL_ADC_ConfigChannel  stm32f1xx_hal_adc.o
    0x08001e04   0x08001e04   0x00000002   Code   RO          501    i.HAL_ADC_ConvCpltCallback  stm32f1xx_hal_adc.o
    0x08001e06   0x08001e06   0x00000002   Code   RO          502    i.HAL_ADC_ConvHalfCpltCallback  stm32f1xx_hal_adc.o
    0x08001e08   0x08001e08   0x00000002   Code   RO          504    i.HAL_ADC_ErrorCallback  stm32f1xx_hal_adc.o
    0x08001e0a   0x08001e0a   0x00000002   PAD
    0x08001e0c   0x08001e0c   0x0000011c   Code   RO          509    i.HAL_ADC_Init      stm32f1xx_hal_adc.o
    0x08001f28   0x08001f28   0x00000090   Code   RO          386    i.HAL_ADC_MspInit   stm32f1xx_hal_msp.o
    0x08001fb8   0x08001fb8   0x0000010c   Code   RO          516    i.HAL_ADC_Start_DMA  stm32f1xx_hal_adc.o
    0x080020c4   0x080020c4   0x00000046   Code   RO         1149    i.HAL_DMA_Abort     stm32f1xx_hal_dma.o
    0x0800210a   0x0800210a   0x00000002   PAD
    0x0800210c   0x0800210c   0x00000098   Code   RO         1150    i.HAL_DMA_Abort_IT  stm32f1xx_hal_dma.o
    0x080021a4   0x080021a4   0x00000154   Code   RO         1154    i.HAL_DMA_IRQHandler  stm32f1xx_hal_dma.o
    0x080022f8   0x080022f8   0x0000005c   Code   RO         1155    i.HAL_DMA_Init      stm32f1xx_hal_dma.o
    0x08002354   0x08002354   0x00000070   Code   RO         1159    i.HAL_DMA_Start_IT  stm32f1xx_hal_dma.o
    0x080023c4   0x080023c4   0x000000a8   Code   RO         1594    i.HAL_FLASHEx_Erase  stm32f1xx_hal_flash_ex.o
    0x0800246c   0x0800246c   0x00000014   Code   RO         1491    i.HAL_FLASH_Lock    stm32f1xx_hal_flash.o
    0x08002480   0x08002480   0x00000080   Code   RO         1496    i.HAL_FLASH_Program  stm32f1xx_hal_flash.o
    0x08002500   0x08002500   0x00000028   Code   RO         1498    i.HAL_FLASH_Unlock  stm32f1xx_hal_flash.o
    0x08002528   0x08002528   0x000001e0   Code   RO         1085    i.HAL_GPIO_Init     stm32f1xx_hal_gpio.o
    0x08002708   0x08002708   0x0000000a   Code   RO         1087    i.HAL_GPIO_ReadPin  stm32f1xx_hal_gpio.o
    0x08002712   0x08002712   0x0000000a   Code   RO         1089    i.HAL_GPIO_WritePin  stm32f1xx_hal_gpio.o
    0x0800271c   0x0800271c   0x0000000c   Code   RO          781    i.HAL_GetTick       stm32f1xx_hal.o
    0x08002728   0x08002728   0x00000188   Code   RO         1756    i.HAL_I2C_Init      stm32f1xx_hal_i2c.o
    0x080028b0   0x080028b0   0x00000244   Code   RO         1762    i.HAL_I2C_Master_Receive  stm32f1xx_hal_i2c.o
    0x08002af4   0x08002af4   0x0000012c   Code   RO         1769    i.HAL_I2C_Master_Transmit  stm32f1xx_hal_i2c.o
    0x08002c20   0x08002c20   0x0000005c   Code   RO          388    i.HAL_I2C_MspInit   stm32f1xx_hal_msp.o
    0x08002c7c   0x08002c7c   0x00000010   Code   RO          787    i.HAL_IncTick       stm32f1xx_hal.o
    0x08002c8c   0x08002c8c   0x00000024   Code   RO          788    i.HAL_Init          stm32f1xx_hal.o
    0x08002cb0   0x08002cb0   0x00000040   Code   RO          789    i.HAL_InitTick      stm32f1xx_hal.o
    0x08002cf0   0x08002cf0   0x0000003c   Code   RO          389    i.HAL_MspInit       stm32f1xx_hal_msp.o
    0x08002d2c   0x08002d2c   0x0000001a   Code   RO         1245    i.HAL_NVIC_EnableIRQ  stm32f1xx_hal_cortex.o
    0x08002d46   0x08002d46   0x00000002   PAD
    0x08002d48   0x08002d48   0x00000040   Code   RO         1251    i.HAL_NVIC_SetPriority  stm32f1xx_hal_cortex.o
    0x08002d88   0x08002d88   0x00000024   Code   RO         1252    i.HAL_NVIC_SetPriorityGrouping  stm32f1xx_hal_cortex.o
    0x08002dac   0x08002dac   0x000000ec   Code   RO         1048    i.HAL_RCCEx_PeriphCLKConfig  stm32f1xx_hal_rcc_ex.o
    0x08002e98   0x08002e98   0x0000012c   Code   RO          945    i.HAL_RCC_ClockConfig  stm32f1xx_hal_rcc.o
    0x08002fc4   0x08002fc4   0x00000020   Code   RO          952    i.HAL_RCC_GetPCLK1Freq  stm32f1xx_hal_rcc.o
    0x08002fe4   0x08002fe4   0x00000020   Code   RO          953    i.HAL_RCC_GetPCLK2Freq  stm32f1xx_hal_rcc.o
    0x08003004   0x08003004   0x0000006c   Code   RO          954    i.HAL_RCC_GetSysClockFreq  stm32f1xx_hal_rcc.o
    0x08003070   0x08003070   0x00000320   Code   RO          957    i.HAL_RCC_OscConfig  stm32f1xx_hal_rcc.o
    0x08003390   0x08003390   0x00000028   Code   RO         1256    i.HAL_SYSTICK_Config  stm32f1xx_hal_cortex.o
    0x080033b8   0x080033b8   0x00000002   Code   RO         2883    i.HAL_TIMEx_BreakCallback  stm32f1xx_hal_tim_ex.o
    0x080033ba   0x080033ba   0x00000002   Code   RO         2884    i.HAL_TIMEx_CommutCallback  stm32f1xx_hal_tim_ex.o
    0x080033bc   0x080033bc   0x00000068   Code   RO         2902    i.HAL_TIMEx_MasterConfigSynchronization  stm32f1xx_hal_tim_ex.o
    0x08003424   0x08003424   0x0000005a   Code   RO         2179    i.HAL_TIM_Base_Init  stm32f1xx_hal_tim.o
    0x0800347e   0x0800347e   0x00000002   PAD
    0x08003480   0x08003480   0x0000003c   Code   RO          391    i.HAL_TIM_Base_MspInit  stm32f1xx_hal_msp.o
    0x080034bc   0x080034bc   0x00000050   Code   RO         2182    i.HAL_TIM_Base_Start  stm32f1xx_hal_tim.o
    0x0800350c   0x0800350c   0x000000d6   Code   RO         2188    i.HAL_TIM_ConfigClockSource  stm32f1xx_hal_tim.o
    0x080035e2   0x080035e2   0x00000002   Code   RO         2213    i.HAL_TIM_IC_CaptureCallback  stm32f1xx_hal_tim.o
    0x080035e4   0x080035e4   0x00000166   Code   RO         2227    i.HAL_TIM_IRQHandler  stm32f1xx_hal_tim.o
    0x0800374a   0x0800374a   0x00000002   Code   RO         2230    i.HAL_TIM_OC_DelayElapsedCallback  stm32f1xx_hal_tim.o
    0x0800374c   0x0800374c   0x00000002   Code   RO         2257    i.HAL_TIM_PWM_PulseFinishedCallback  stm32f1xx_hal_tim.o
    0x0800374e   0x0800374e   0x00000002   Code   RO         2265    i.HAL_TIM_PeriodElapsedCallback  stm32f1xx_hal_tim.o
    0x08003750   0x08003750   0x00000002   Code   RO         2270    i.HAL_TIM_TriggerCallback  stm32f1xx_hal_tim.o
    0x08003752   0x08003752   0x0000004a   Code   RO         3159    i.HAL_UARTEx_ReceiveToIdle_DMA  stm32f1xx_hal_uart.o
    0x0800379c   0x0800379c   0x00000010   Code   RO           16    i.HAL_UARTEx_RxEventCallback  main.o
    0x080037ac   0x080037ac   0x00000002   Code   RO         3175    i.HAL_UART_ErrorCallback  stm32f1xx_hal_uart.o
    0x080037ae   0x080037ae   0x00000002   PAD
    0x080037b0   0x080037b0   0x0000020c   Code   RO         3178    i.HAL_UART_IRQHandler  stm32f1xx_hal_uart.o
    0x080039bc   0x080039bc   0x00000062   Code   RO         3179    i.HAL_UART_Init     stm32f1xx_hal_uart.o
    0x08003a1e   0x08003a1e   0x00000002   PAD
    0x08003a20   0x08003a20   0x000000b0   Code   RO          393    i.HAL_UART_MspInit  stm32f1xx_hal_msp.o
    0x08003ad0   0x08003ad0   0x00000002   Code   RO         3185    i.HAL_UART_RxCpltCallback  stm32f1xx_hal_uart.o
    0x08003ad2   0x08003ad2   0x00000002   Code   RO         3186    i.HAL_UART_RxHalfCpltCallback  stm32f1xx_hal_uart.o
    0x08003ad4   0x08003ad4   0x000000b2   Code   RO         3187    i.HAL_UART_Transmit  stm32f1xx_hal_uart.o
    0x08003b86   0x08003b86   0x00000002   Code   RO         3190    i.HAL_UART_TxCpltCallback  stm32f1xx_hal_uart.o
    0x08003b88   0x08003b88   0x00000002   Code   RO          286    i.HardFault_Handler  stm32f1xx_it.o
    0x08003b8a   0x08003b8a   0x00000002   PAD
    0x08003b8c   0x08003b8c   0x000011a0   Code   RO           17    i.Hien_Thi_LCD      main.o
    0x08004d2c   0x08004d2c   0x0000002e   Code   RO         1798    i.I2C_IsAcknowledgeFailed  stm32f1xx_hal_i2c.o
    0x08004d5a   0x08004d5a   0x00000002   PAD
    0x08004d5c   0x08004d5c   0x000000ec   Code   RO         1801    i.I2C_MasterRequestRead  stm32f1xx_hal_i2c.o
    0x08004e48   0x08004e48   0x0000009c   Code   RO         1802    i.I2C_MasterRequestWrite  stm32f1xx_hal_i2c.o
    0x08004ee4   0x08004ee4   0x0000004c   Code   RO         1813    i.I2C_WaitOnBTFFlagUntilTimeout  stm32f1xx_hal_i2c.o
    0x08004f30   0x08004f30   0x00000068   Code   RO         1814    i.I2C_WaitOnFlagUntilTimeout  stm32f1xx_hal_i2c.o
    0x08004f98   0x08004f98   0x00000096   Code   RO         1815    i.I2C_WaitOnMasterAddressFlagUntilTimeout  stm32f1xx_hal_i2c.o
    0x0800502e   0x0800502e   0x00000066   Code   RO         1816    i.I2C_WaitOnRXNEFlagUntilTimeout  stm32f1xx_hal_i2c.o
    0x08005094   0x08005094   0x0000004c   Code   RO         1817    i.I2C_WaitOnTXEFlagUntilTimeout  stm32f1xx_hal_i2c.o
    0x080050e0   0x080050e0   0x000007c4   Code   RO           18    i.KeyBoard          main.o
    0x080058a4   0x080058a4   0x00000014   Code   RO         3545    i.LCD20X4_Clear     lcd20x4.o
    0x080058b8   0x080058b8   0x00000030   Code   RO         3546    i.LCD20X4_Enable    lcd20x4.o
    0x080058e8   0x080058e8   0x0000002c   Code   RO         3547    i.LCD20X4_Gotoxy    lcd20x4.o
    0x08005914   0x08005914   0x0000006c   Code   RO         3548    i.LCD20X4_Init      lcd20x4.o
    0x08005980   0x08005980   0x00000006   Code   RO         3549    i.LCD20X4_PutChar   lcd20x4.o
    0x08005986   0x08005986   0x00000002   PAD
    0x08005988   0x08005988   0x00000016   Code   RO         3550    i.LCD20X4_PutString  lcd20x4.o
    0x0800599e   0x0800599e   0x00000002   PAD
    0x080059a0   0x080059a0   0x00000048   Code   RO         3551    i.LCD20X4_Send4Bit  lcd20x4.o
    0x080059e8   0x080059e8   0x00000034   Code   RO         3552    i.LCD20X4_SendCommand  lcd20x4.o
    0x08005a1c   0x08005a1c   0x00000074   Code   RO         3553    i.LCD20X4_SendFloat  lcd20x4.o
    0x08005a90   0x08005a90   0x00000062   Code   RO         3554    i.LCD20X4_SendInteger  lcd20x4.o
    0x08005af2   0x08005af2   0x00000002   PAD
    0x08005af4   0x08005af4   0x00000050   Code   RO           19    i.MX_ADC1_Init      main.o
    0x08005b44   0x08005b44   0x000000bc   Code   RO           20    i.MX_GPIO_Init      main.o
    0x08005c00   0x08005c00   0x00000068   Code   RO           21    i.MX_TIM4_Init      main.o
    0x08005c68   0x08005c68   0x00000002   Code   RO          287    i.MemManage_Handler  stm32f1xx_it.o
    0x08005c6a   0x08005c6a   0x00000002   Code   RO          288    i.NMI_Handler       stm32f1xx_it.o
    0x08005c6c   0x08005c6c   0x00000002   Code   RO          289    i.PendSV_Handler    stm32f1xx_it.o
    0x08005c6e   0x08005c6e   0x00000002   PAD
    0x08005c70   0x08005c70   0x000000ec   Code   RO           22    i.Read_Data_Save_Flash  main.o
    0x08005d5c   0x08005d5c   0x00000002   Code   RO          290    i.SVC_Handler       stm32f1xx_it.o
    0x08005d5e   0x08005d5e   0x00000002   PAD
    0x08005d60   0x08005d60   0x0000002c   Code   RO           23    i.Save_Data_Fan_Flash  main.o
    0x08005d8c   0x08005d8c   0x00000054   Code   RO           24    i.Save_Data_Lamp_Flash  main.o
    0x08005de0   0x08005de0   0x00000054   Code   RO           25    i.Save_Data_Pump_Flash  main.o
    0x08005e34   0x08005e34   0x00000038   Code   RO           26    i.Save_Data_Waring_Flash  main.o
    0x08005e6c   0x08005e6c   0x000000f8   Code   RO           27    i.Set_Para_Clock    main.o
    0x08005f64   0x08005f64   0x00000040   Code   RO           28    i.Set_Para_Fan      main.o
    0x08005fa4   0x08005fa4   0x000000a8   Code   RO           29    i.Set_Para_Lamp     main.o
    0x0800604c   0x0800604c   0x00000048   Code   RO           30    i.Set_Para_Pump     main.o
    0x08006094   0x08006094   0x00000054   Code   RO           31    i.Set_Para_Warning  main.o
    0x080060e8   0x080060e8   0x00000004   Code   RO          291    i.SysTick_Handler   stm32f1xx_it.o
    0x080060ec   0x080060ec   0x00000078   Code   RO           32    i.SystemClock_Config  main.o
    0x08006164   0x08006164   0x00000002   Code   RO         3508    i.SystemInit        system_stm32f1xx.o
    0x08006166   0x08006166   0x00000002   PAD
    0x08006168   0x08006168   0x0000000c   Code   RO          292    i.TIM4_IRQHandler   stm32f1xx_it.o
    0x08006174   0x08006174   0x0000006c   Code   RO         2272    i.TIM_Base_SetConfig  stm32f1xx_hal_tim.o
    0x080061e0   0x080061e0   0x00000014   Code   RO         2283    i.TIM_ETR_SetConfig  stm32f1xx_hal_tim.o
    0x080061f4   0x080061f4   0x00000010   Code   RO         2284    i.TIM_ITRx_SetConfig  stm32f1xx_hal_tim.o
    0x08006204   0x08006204   0x00000022   Code   RO         2290    i.TIM_TI1_ConfigInputStage  stm32f1xx_hal_tim.o
    0x08006226   0x08006226   0x00000024   Code   RO         2292    i.TIM_TI2_ConfigInputStage  stm32f1xx_hal_tim.o
    0x0800624a   0x0800624a   0x00000010   Code   RO         3192    i.UART_DMAAbortOnError  stm32f1xx_hal_uart.o
    0x0800625a   0x0800625a   0x0000004a   Code   RO         3193    i.UART_DMAError     stm32f1xx_hal_uart.o
    0x080062a4   0x080062a4   0x0000005a   Code   RO         3194    i.UART_DMAReceiveCplt  stm32f1xx_hal_uart.o
    0x080062fe   0x080062fe   0x0000001a   Code   RO         3196    i.UART_DMARxHalfCplt  stm32f1xx_hal_uart.o
    0x08006318   0x08006318   0x00000030   Code   RO         3202    i.UART_EndRxTransfer  stm32f1xx_hal_uart.o
    0x08006348   0x08006348   0x00000012   Code   RO         3203    i.UART_EndTxTransfer  stm32f1xx_hal_uart.o
    0x0800635a   0x0800635a   0x000000b6   Code   RO         3204    i.UART_Receive_IT   stm32f1xx_hal_uart.o
    0x08006410   0x08006410   0x000000b8   Code   RO         3205    i.UART_SetConfig    stm32f1xx_hal_uart.o
    0x080064c8   0x080064c8   0x00000070   Code   RO         3206    i.UART_Start_Receive_DMA  stm32f1xx_hal_uart.o
    0x08006538   0x08006538   0x00000064   Code   RO         3208    i.UART_WaitOnFlagUntilTimeout  stm32f1xx_hal_uart.o
    0x0800659c   0x0800659c   0x0000000c   Code   RO          293    i.USART2_IRQHandler  stm32f1xx_it.o
    0x080065a8   0x080065a8   0x00000002   Code   RO          294    i.UsageFault_Handler  stm32f1xx_it.o
    0x080065aa   0x080065aa   0x00000028   Code   RO         3975    i.__ARM_fpclassify  m_ws.l(fpclassify.o)
    0x080065d2   0x080065d2   0x00000020   Code   RO         1258    i.__NVIC_SetPriority  stm32f1xx_hal_cortex.o
    0x080065f2   0x080065f2   0x0000000e   Code   RO         3839    i._is_digit         c_w.l(__printf_wp.o)
    0x08006600   0x08006600   0x000002dc   Code   RO           33    i.main              main.o
    0x080068dc   0x080068dc   0x0000002c   Code   RO         3971    locale$$code        c_w.l(lc_numeric_c.o)
    0x08006908   0x08006908   0x00000062   Code   RO         3860    x$fpl$d2f           fz_ws.l(d2f.o)
    0x0800696a   0x0800696a   0x00000002   PAD
    0x0800696c   0x0800696c   0x000002b0   Code   RO         3863    x$fpl$ddiv          fz_ws.l(ddiv.o)
    0x08006c1c   0x08006c1c   0x0000002e   Code   RO         3867    x$fpl$dflt          fz_ws.l(dflt_clz.o)
    0x08006c4a   0x08006c4a   0x0000009c   Code   RO         3908    x$fpl$dnaninf       fz_ws.l(dnaninf.o)
    0x08006ce6   0x08006ce6   0x0000000c   Code   RO         3910    x$fpl$dretinf       fz_ws.l(dretinf.o)
    0x08006cf2   0x08006cf2   0x00000002   PAD
    0x08006cf4   0x08006cf4   0x00000056   Code   RO         3872    x$fpl$f2d           fz_ws.l(f2d.o)
    0x08006d4a   0x08006d4a   0x00000002   PAD
    0x08006d4c   0x08006d4c   0x000000c4   Code   RO         3874    x$fpl$fadd          fz_ws.l(faddsub_clz.o)
    0x08006e10   0x08006e10   0x00000018   Code   RO         3912    x$fpl$fcmpinf       fz_ws.l(fcmpi.o)
    0x08006e28   0x08006e28   0x00000036   Code   RO         3880    x$fpl$ffix          fz_ws.l(ffix.o)
    0x08006e5e   0x08006e5e   0x00000002   PAD
    0x08006e60   0x08006e60   0x00000030   Code   RO         3885    x$fpl$fflt          fz_ws.l(fflt_clz.o)
    0x08006e90   0x08006e90   0x00000068   Code   RO         3890    x$fpl$fleqf         fz_ws.l(fleqf.o)
    0x08006ef8   0x08006ef8   0x00000102   Code   RO         3892    x$fpl$fmul          fz_ws.l(fmul.o)
    0x08006ffa   0x08006ffa   0x0000008c   Code   RO         3914    x$fpl$fnaninf       fz_ws.l(fnaninf.o)
    0x08007086   0x08007086   0x0000000a   Code   RO         3916    x$fpl$fretinf       fz_ws.l(fretinf.o)
    0x08007090   0x08007090   0x00000062   Code   RO         3894    x$fpl$frleqf        fz_ws.l(frleqf.o)
    0x080070f2   0x080070f2   0x00000014   Code   RO         3875    x$fpl$frsb          fz_ws.l(faddsub_clz.o)
    0x08007106   0x08007106   0x00000002   PAD
    0x08007108   0x08007108   0x000000ea   Code   RO         3876    x$fpl$fsub          fz_ws.l(faddsub_clz.o)
    0x080071f2   0x080071f2   0x00000004   Code   RO         3896    x$fpl$printf1       fz_ws.l(printf1.o)
    0x080071f6   0x080071f6   0x00000000   Code   RO         3918    x$fpl$usenofp       fz_ws.l(usenofp.o)
    0x080071f6   0x080071f6   0x00000010   Data   RO         3509    .constdata          system_stm32f1xx.o
    0x08007206   0x08007206   0x00000008   Data   RO         3510    .constdata          system_stm32f1xx.o
    0x0800720e   0x0800720e   0x00000002   PAD
    0x08007210   0x08007210   0x00000094   Data   RO         3946    .constdata          c_w.l(bigflt0.o)
    0x080072a4   0x080072a4   0x0000001c   Data   RO           36    .conststring        main.o
    0x080072c0   0x080072c0   0x00000020   Data   RO         4116    Region$$Table       anon$$obj.o
    0x080072e0   0x080072e0   0x0000001c   Data   RO         3970    locale$$data        c_w.l(lc_numeric_c.o)


    Execution Region RW_IRAM1 (Exec base: 0x20000000, Load base: 0x080072fc, Size: 0x00000910, Max: 0x00005000, ABSOLUTE)

    Exec Addr    Load Addr    Size         Type   Attr      Idx    E Section Name        Object

    0x20000000   0x080072fc   0x00000084   Data   RW           37    .data               main.o
    0x20000084   0x08007380   0x0000000c   Data   RW          795    .data               stm32f1xx_hal.o
    0x20000090   0x0800738c   0x00000004   Data   RW         3511    .data               system_stm32f1xx.o
    0x20000094   0x08007390   0x00000007   Data   RW         3657    .data               ds1307.o
    0x2000009b   0x08007397   0x00000001   PAD
    0x2000009c   0x08007398   0x00000009   Data   RW         3712    .data               dht22.o
    0x200000a5   0x080073a1   0x00000003   PAD
    0x200000a8        -       0x000001a4   Zero   RW           34    .bss                main.o
    0x2000024c        -       0x00000044   Zero   RW           35    .bss                main.o
    0x20000290        -       0x00000020   Zero   RW         1499    .bss                stm32f1xx_hal_flash.o
    0x200002b0        -       0x00000060   Zero   RW         3978    .bss                c_w.l(libspace.o)
    0x20000310        -       0x00000200   Zero   RW            2    HEAP                startup_stm32f103xb.o
    0x20000510        -       0x00000400   Zero   RW            1    STACK               startup_stm32f103xb.o


==============================================================================

Image component sizes


      Code (inc. data)   RO Data    RW Data    ZI Data      Debug   Object Name

        48          6          0          0          0       1284   delay.o
       444         40          0          9          0       3220   dht22.o
       274         18          0          7          0       3415   ds1307.o
       118          0          0          0          0       2353   flash.o
       586         34          0          0          0       5910   lcd20x4.o
      9592       1252         28        132        488     477071   main.o
        64         26        236          0       1536        816   startup_stm32f103xb.o
       128         24          0         12          0       5325   stm32f1xx_hal.o
      1134         56          0          0          0       8570   stm32f1xx_hal_adc.o
       198         14          0          0          0      28959   stm32f1xx_hal_cortex.o
       808         36          0          0          0       5014   stm32f1xx_hal_dma.o
       392         46          0          0         32       4758   stm32f1xx_hal_flash.o
       240         26          0          0          0       3261   stm32f1xx_hal_flash_ex.o
       500         34          0          0          0       3535   stm32f1xx_hal_gpio.o
      2218         54          0          0          0      12378   stm32f1xx_hal_i2c.o
       532         74          0          0          0       3755   stm32f1xx_hal_msp.o
      1272        100          0          0          0       5212   stm32f1xx_hal_rcc.o
       236         12          0          0          0       1388   stm32f1xx_hal_rcc_ex.o
       966         28          0          0          0      10234   stm32f1xx_hal_tim.o
       108         12          0          0          0       2385   stm32f1xx_hal_tim_ex.o
      1732         24          0          0          0      13713   stm32f1xx_hal_uart.o
        68         24          0          0          0       5678   stm32f1xx_it.o
         2          0         24          4          0       1131   system_stm32f1xx.o

    ----------------------------------------------------------------------
     21694       1940        322        168       2056     609365   Object Totals
         0          0         32          0          0          0   (incl. Generated)
        34          0          2          4          0          0   (incl. Padding)

    ----------------------------------------------------------------------

      Code (inc. data)   RO Data    RW Data    ZI Data      Debug   Library Member Name

         8          0          0          0          0         68   __main.o
       284          0          0          0          0        156   __printf_wp.o
         0          0          0          0          0          0   __rtentry.o
        12          0          0          0          0          0   __rtentry2.o
         6          0          0          0          0          0   __rtentry4.o
        52          8          0          0          0          0   __scatter.o
        26          0          0          0          0          0   __scatter_copy.o
        28          0          0          0          0          0   __scatter_zi.o
        48          6          0          0          0         96   _printf_char_common.o
         6          0          0          0          0          0   _printf_d.o
       120         16          0          0          0         92   _printf_dec.o
         6          0          0          0          0          0   _printf_f.o
      1054          0          0          0          0        216   _printf_fp_dec.o
       128         16          0          0          0         84   _printf_fp_infnan.o
       178          0          0          0          0         88   _printf_intcommon.o
        78          0          0          0          0        108   _printf_pad.o
         0          0          0          0          0          0   _printf_percent.o
         4          0          0          0          0          0   _printf_percent_end.o
        10          0          0          0          0         68   _sputc.o
       228          4        148          0          0         96   bigflt0.o
      1936        128          0          0          0        672   btod.o
        18          0          0          0          0         80   exit.o
         6          0          0          0          0        152   heapauxi.o
         0          0          0          0          0          0   indicate_semi.o
        44         10         28          0          0         76   lc_numeric_c.o
         2          0          0          0          0          0   libinit.o
        18          0          0          0          0          0   libinit2.o
         2          0          0          0          0          0   libshutdown.o
         2          0          0          0          0          0   libshutdown2.o
         8          4          0          0         96         68   libspace.o
       138          0          0          0          0         80   lludiv10.o
        38          0          0          0          0         68   llushr.o
        40          6          0          0          0         84   noretval__2sprintf.o
         8          4          0          0          0         68   rt_locale_intlibspace.o
        78          0          0          0          0         80   rt_memclr_w.o
         2          0          0          0          0          0   rtexit.o
        10          0          0          0          0          0   rtexit2.o
       128          0          0          0          0         68   strcmpv7m.o
        62          0          0          0          0         76   strlen.o
        12          4          0          0          0         68   sys_exit.o
        74          0          0          0          0         80   sys_stackheap_outer.o
         2          0          0          0          0         68   use_no_semi.o
        98          4          0          0          0         92   d2f.o
       688        140          0          0          0        208   ddiv.o
        46          0          0          0          0         68   dflt_clz.o
       156          4          0          0          0         92   dnaninf.o
        12          0          0          0          0         68   dretinf.o
        86          4          0          0          0         84   f2d.o
       450          8          0          0          0        236   faddsub_clz.o
        24          0          0          0          0         68   fcmpi.o
        54          4          0          0          0         84   ffix.o
        48          0          0          0          0         68   fflt_clz.o
       104          4          0          0          0         84   fleqf.o
       258          4          0          0          0         84   fmul.o
       140          4          0          0          0         84   fnaninf.o
        10          0          0          0          0         68   fretinf.o
        98          0          0          0          0         68   frleqf.o
         4          0          0          0          0         68   printf1.o
         0          0          0          0          0          0   usenofp.o
        40          0          0          0          0         68   fpclassify.o

    ----------------------------------------------------------------------
      7244        382        176          0         96       4452   Library Totals
        24          0          0          0          0          0   (incl. Padding)

    ----------------------------------------------------------------------

      Code (inc. data)   RO Data    RW Data    ZI Data      Debug   Library Name

      4904        206        176          0         96       2860   c_w.l
      2276        176          0          0          0       1524   fz_ws.l
        40          0          0          0          0         68   m_ws.l

    ----------------------------------------------------------------------
      7244        382        176          0         96       4452   Library Totals

    ----------------------------------------------------------------------

==============================================================================


      Code (inc. data)   RO Data    RW Data    ZI Data      Debug   

     28938       2322        498        168       2152     603517   Grand Totals
     28938       2322        498        168       2152     603517   ELF Image Totals
     28938       2322        498        168          0          0   ROM Totals

==============================================================================

    Total RO  Size (Code + RO Data)                29436 (  28.75kB)
    Total RW  Size (RW Data + ZI Data)              2320 (   2.27kB)
    Total ROM Size (Code + RO Data + RW Data)      29604 (  28.91kB)

==============================================================================

